Plan: 300 s idle (180 s camera OFF + 60 s camera OFF + 60 s camera ON without inference), WARM-UP L0 180 s, 600 s pause + L0 180 s,600 s pause + L1 180 s,600 s pause + L2 180 s,600 s pause + L3 180 s,600 s pause + L4 180 s,600 s pause + L0 180 s ; motors OFF.
Estimate 86.0 min scheduled; full default about 95–100 min including setup/loads/cleanup, plus up to 25 min of D2 cooling.
[    0.0 s] START setup (preflight) | read re-reads 0, thermal retries 0
screen timeout saved 1800000 ms; set/read back 2147483647
[   82.7 s] END setup (preflight) OK | read re-reads 0, thermal retries 0
[   82.7 s] START IDLE | read re-reads 0, thermal retries 0
[  285.8 s] END IDLE ok, 190.5 s, read re-reads 0 | read re-reads 0, thermal retries 0
[  285.9 s] START IDLE CAMERA OFF | read re-reads 0, thermal retries 0
[  369.2 s] END IDLE CAMERA OFF ok, 71.1 s, read re-reads 0 | read re-reads 0, thermal retries 0
[  369.3 s] START IDLE CAMERA ON — NO INFERENCE | read re-reads 0, thermal retries 0
[  456.8 s] END IDLE CAMERA ON — NO INFERENCE ok, 71.9 s, read re-reads 0 | read re-reads 0, thermal retries 0
[  456.9 s] START WARM-UP L0 | read re-reads 0, thermal retries 0
[  663.8 s] END WARM-UP L0 VALID; camera late 0, camera slots skipped 0, M2 live 0 / fallback 0, max_live_boxes 7, read re-reads 0 | read re-reads 0, thermal retries 0
[  663.9 s] START FIXED PAUSE | read re-reads 0, thermal retries 0
[ 1286.8 s] END FIXED PAUSE ok, 610.4 s, read re-reads 0 | read re-reads 0, thermal retries 0
[ 1286.9 s] START block 01 L0 | read re-reads 0, thermal retries 0
[ 1493.2 s] END block 01 L0 VALID; camera late 0, camera slots skipped 0, M2 live 0 / fallback 0, max_live_boxes 8, read re-reads 0 | read re-reads 0, thermal retries 0
[ 1493.2 s] START FIXED PAUSE | read re-reads 0, thermal retries 0
[ 2116.4 s] END FIXED PAUSE ok, 610.4 s, read re-reads 0, D2 extra cooling 0 s, end skin 30.023502 C (target 31.04 C) | read re-reads 0, thermal retries 0
[ 2116.5 s] START block 02 L1 | read re-reads 0, thermal retries 0
[ 2314.7 s] END block 02 L1 VALID; camera late 0, camera slots skipped 0, M2 live 18 / fallback 0, max_live_boxes 8, read re-reads 0 | read re-reads 0, thermal retries 0
[ 2314.8 s] START FIXED PAUSE | read re-reads 0, thermal retries 0
[ 2937.5 s] END FIXED PAUSE ok, 610.4 s, read re-reads 0, D2 extra cooling 0 s, end skin 30.822603 C (target 31.04 C) | read re-reads 0, thermal retries 0
[ 2937.8 s] START block 03 L2 | read re-reads 0, thermal retries 0
[ 3173.7 s] END block 03 L2 NOT COMPARABLE — START TEMP; camera late 0, camera slots skipped 0, M2 live 9 / fallback 0, max_live_boxes 11, read re-reads 0 | read re-reads 0, thermal retries 0
[ 3173.8 s] START FIXED PAUSE | read re-reads 0, thermal retries 0
[ 3797.6 s] END FIXED PAUSE ok, 610.5 s, read re-reads 0, D2 extra cooling 0 s, end skin 30.5172 C (target 31.04 C) | read re-reads 0, thermal retries 0
[ 3797.8 s] START block 04 L3 | read re-reads 0, thermal retries 0
[ 4006.4 s] END block 04 L3 VALID; camera late 0, camera slots skipped 0, M2 live 36 / fallback 0, max_live_boxes 11, read re-reads 0 | read re-reads 0, thermal retries 0
[ 4006.5 s] START FIXED PAUSE | read re-reads 0, thermal retries 0
[ 4629.2 s] END FIXED PAUSE ok, 610.5 s, read re-reads 0, D2 extra cooling 0 s, end skin 30.86 C (target 31.04 C) | read re-reads 0, thermal retries 0
[ 4629.6 s] START block 05 L4 | read re-reads 0, thermal retries 0
[ 4865.2 s] END block 05 L4 NOT COMPARABLE — START TEMP; camera late 0, camera slots skipped 0, M2 live 36 / fallback 0, max_live_boxes 10, read re-reads 0 | read re-reads 0, thermal retries 0
[ 4865.3 s] START FIXED PAUSE | read re-reads 0, thermal retries 0
[ 5560.3 s] END FIXED PAUSE ok, 681.5 s, read re-reads 0, D2 extra cooling 71 s, end skin 31.005402 C (target 31.04 C) | read re-reads 0, thermal retries 0
[ 5560.7 s] START block 06 L0 | read re-reads 0, thermal retries 0
[ 5767.3 s] END block 06 L0 NOT COMPARABLE — START TEMP; camera late 0, camera slots skipped 0, M2 live 0 / fallback 0, max_live_boxes 11, read re-reads 0 | read re-reads 0, thermal retries 0
screen timeout restored/read back 1800000 ms
SESSION COMPLETE; inspect individual validity Evidence: /data/data/com.termux/files/home/storage/downloads/campaign/owner_session_p1_fix4d.json
