screen timeout saved 1800000 ms; set/read back 2147483647
START endurance ACTIVE L2 at +0.0 s
END endurance ACTIVE L2 180.0 s
START fixed ACTIVE SLOT L2 at +0.0 s
END fixed ACTIVE SLOT L2 40.0 s
START fixed PAUSE SLOT: STOP CAMERA THEN OFF at +40.0 s
END fixed PAUSE SLOT: STOP CAMERA THEN OFF 20.0 s
START fixed ACTIVE SLOT L2 at +60.0 s
END fixed ACTIVE SLOT L2 40.0 s
START fixed PAUSE SLOT: STOP CAMERA THEN OFF at +100.0 s
END fixed PAUSE SLOT: STOP CAMERA THEN OFF 20.0 s
START fixed ACTIVE SLOT L2 at +120.0 s
END fixed ACTIVE SLOT L2 40.0 s
START fixed PAUSE SLOT: STOP CAMERA THEN OFF at +160.0 s
END fixed PAUSE SLOT: STOP CAMERA THEN OFF 20.0 s
START adaptive ACTIVE L2 at +0.0 s
END adaptive ACTIVE L2 60.4 s
START adaptive PAUSE: STOP CAMERA THEN OFF at +60.4 s
END adaptive PAUSE: STOP CAMERA THEN OFF 71.4 s
START adaptive ACTIVE L2 at +131.8 s
END adaptive ACTIVE L2 61.2 s
START adaptive PAUSE: STOP CAMERA THEN OFF at +192.9 s
END adaptive PAUSE: STOP CAMERA THEN OFF 65.4 s
START adaptive ACTIVE L2 at +258.3 s
END adaptive ACTIVE L2 61.2 s
START adaptive PAUSE: STOP CAMERA THEN OFF at +319.5 s
END adaptive PAUSE: STOP CAMERA THEN OFF 65.5 s
START adaptive ACTIVE L2 at +385.0 s
END adaptive ACTIVE L2 61.4 s
START adaptive PAUSE: STOP CAMERA THEN OFF at +446.4 s
END adaptive PAUSE: STOP CAMERA THEN OFF 33.6 s
screen timeout restored/read back 1800000 ms
NOT VALID — OWNER REHEARSAL Evidence: /data/data/com.termux/files/home/storage/downloads/campaign/owner_rehearsal_p23_01.json
Coverage: {"modes": ["endurance", "fixed", "adaptive"], "live_m2_calls": {"endurance": 7, "fixed": 2, "adaptive": 11}, "fallback_m2_calls": {"endurance": 1, "fixed": 1, "adaptive": 1}, "selector_fallback_contexts": {"endurance": 1, "fixed": 1, "adaptive": 1}, "fixed_pauses": 3, "adaptive_high_switch": true, "adaptive_low_restart": true, "adaptive_camera_restarts": 3, "camera_restarts": 5, "camera_failed_attempts": 0, "errors": [["power coverage"]], "setup_complete": true, "rehearsal_pass": false}
