Plan: L0,L1,L2 ; motors OFF; phone on table, lights ON.
Estimate 14.0–38.0 min plus setup/loads/cleanup.
screen timeout saved 1800000 ms; set/read back 2147483647
One 300 s idle with Gemma loaded, camera OFF
[L1] skin 27.767801; gate <= 23.0; waited 0s
[L1] skin 27.3897; gate <= 23.0; waited 10s
[L1] skin 27.063902; gate <= 23.0; waited 21s
[L1] skin 26.516802; gate <= 23.0; waited 31s
[L1] skin 26.158802; gate <= 23.0; waited 41s
[L1] skin 25.971302; gate <= 23.0; waited 52s
[L1] skin 25.746; gate <= 23.0; waited 62s
[L1] skin 25.6478; gate <= 23.0; waited 72s
[L1] skin 25.4796; gate <= 23.0; waited 82s
[L1] skin 25.2778; gate <= 23.0; waited 93s
[L1] skin 25.273602; gate <= 23.0; waited 103s
[L1] skin 25.135302; gate <= 23.0; waited 113s
[L1] skin 25.078703; gate <= 23.0; waited 123s
[L1] skin 24.9854; gate <= 23.0; waited 133s
[L1] skin 24.9147; gate <= 23.0; waited 144s
[L1] skin 24.868402; gate <= 23.0; waited 154s
[L1] skin 24.821402; gate <= 23.0; waited 164s
[L1] skin 24.7205; gate <= 23.0; waited 175s
[L1] skin 24.711601; gate <= 23.0; waited 185s
[L1] skin 24.6577; gate <= 23.0; waited 195s
[L1] skin 24.617601; gate <= 23.0; waited 205s
[L1] skin 24.568602; gate <= 23.0; waited 216s
[L1] skin 24.5617; gate <= 23.0; waited 226s
[L1] skin 24.530802; gate <= 23.0; waited 236s
[L1] skin 24.4746; gate <= 23.0; waited 246s
[L1] skin 24.427902; gate <= 23.0; waited 257s
[L1] skin 24.3878; gate <= 23.0; waited 267s
[L1] skin 24.373701; gate <= 23.0; waited 277s
[L1] skin 24.4046; gate <= 23.0; waited 287s
[L1] skin 24.3106; gate <= 23.0; waited 298s
[L1] skin 24.3017; gate <= 23.0; waited 308s
[L1] skin 24.2918; gate <= 23.0; waited 318s
[L1] skin 24.252; gate <= 23.0; waited 328s
[L1] skin 24.235899; gate <= 23.0; waited 339s
[L1] skin 24.182001; gate <= 23.0; waited 349s
[L1] skin 24.160702; gate <= 23.0; waited 359s
[L1] skin 24.137701; gate <= 23.0; waited 369s
[L1] skin 24.088701; gate <= 23.0; waited 380s
[L1] skin 24.111702; gate <= 23.0; waited 390s
[L1] skin 24.024902; gate <= 23.0; waited 400s
[L1] skin 23.9779; gate <= 23.0; waited 410s
[L1] skin 23.9638; gate <= 23.0; waited 421s
[L1] skin 23.9779; gate <= 23.0; waited 431s
[L1] skin 23.938803; gate <= 23.0; waited 441s
[L1] skin 23.922; gate <= 23.0; waited 451s
[L1] skin 23.8987; gate <= 23.0; waited 462s
[L1] skin 23.884901; gate <= 23.0; waited 472s
[L2] skin 29.9099; gate <= 23.0; waited 0s
[L2] skin 29.413301; gate <= 23.0; waited 11s
[L2] skin 29.064201; gate <= 23.0; waited 21s
[L2] skin 28.525501; gate <= 23.0; waited 32s
[L2] skin 28.093601; gate <= 23.0; waited 42s
[L2] skin 27.9512; gate <= 23.0; waited 52s
[L2] skin 27.670101; gate <= 23.0; waited 63s
[L2] skin 27.4416; gate <= 23.0; waited 73s
[L2] skin 27.314201; gate <= 23.0; waited 84s
[L2] skin 27.145; gate <= 23.0; waited 94s
[L2] skin 27.022001; gate <= 23.0; waited 105s
[L2] skin 26.959501; gate <= 23.0; waited 115s
[L2] skin 26.827501; gate <= 23.0; waited 125s
[L2] skin 26.751802; gate <= 23.0; waited 136s
[L2] skin 26.652401; gate <= 23.0; waited 146s
[L2] skin 26.580402; gate <= 23.0; waited 157s
[L2] skin 26.519302; gate <= 23.0; waited 167s
[L2] skin 26.456501; gate <= 23.0; waited 177s
[L2] skin 26.3766; gate <= 23.0; waited 188s
[L2] skin 26.336502; gate <= 23.0; waited 198s
[L2] skin 26.2665; gate <= 23.0; waited 209s
[L2] skin 26.189302; gate <= 23.0; waited 219s
[L2] skin 26.1327; gate <= 23.0; waited 229s
[L2] skin 26.0627; gate <= 23.0; waited 240s
[L2] skin 26.039402; gate <= 23.0; waited 250s
[L2] skin 25.989702; gate <= 23.0; waited 261s
[L2] skin 25.8967; gate <= 23.0; waited 271s
[L2] skin 25.879902; gate <= 23.0; waited 282s
[L2] skin 25.849703; gate <= 23.0; waited 292s
[L2] skin 25.8096; gate <= 23.0; waited 302s
[L2] skin 25.776701; gate <= 23.0; waited 313s
[L2] skin 25.706701; gate <= 23.0; waited 323s
[L2] skin 25.6758; gate <= 23.0; waited 333s
[L2] skin 25.6199; gate <= 23.0; waited 344s
[L2] skin 25.5897; gate <= 23.0; waited 354s
[L2] skin 25.5266; gate <= 23.0; waited 365s
[L2] skin 25.509802; gate <= 23.0; waited 375s
[L2] skin 25.455902; gate <= 23.0; waited 386s
[L2] skin 25.421001; gate <= 23.0; waited 396s
[L2] skin 25.383602; gate <= 23.0; waited 407s
[L2] skin 25.3369; gate <= 23.0; waited 417s
[L2] skin 25.327002; gate <= 23.0; waited 427s
[L2] skin 25.2879; gate <= 23.0; waited 438s
[L2] skin 25.240902; gate <= 23.0; waited 448s
[L2] skin 25.2337; gate <= 23.0; waited 459s
[L2] skin 25.2169; gate <= 23.0; waited 469s
[L2] skin 25.1798; gate <= 23.0; waited 479s
screen timeout restored/read back 1800000 ms
SESSION COMPLETE; inspect individual validity Evidence: /data/data/com.termux/files/home/storage/downloads/campaign/owner_session_p1a_fix.json
