Plan: 18 s idle (6 s camera OFF + 6 s camera OFF + 6 s camera ON without inference), WARM-UP L0 20 s, 6 s pause + L0 25 s,6 s pause + L1 25 s,6 s pause + L2 25 s,6 s pause + L3 25 s,6 s pause + L4 25 s,6 s pause + L0 25 s ; motors OFF.
NOT VALID — OWNER REHEARSAL (live hardware, shortened phases): 3.7 min scheduled (+ up to 30 s D2 cooling); about 12 min including setup, model builds, camera transitions, diagnostics and cleanup.
[    0.1 s] START setup (preflight) | read re-reads 0, thermal retries 0
screen timeout saved 1800000 ms; set/read back 2147483647
[   84.1 s] END setup (preflight) OK | read re-reads 0, thermal retries 0
[   84.1 s] START NOT VALID — REHEARSAL: IDLE | read re-reads 0, thermal retries 0
[  113.5 s] END NOT VALID — REHEARSAL: IDLE ok, 16.8 s, read re-reads 0 | read re-reads 0, thermal retries 0
[  113.5 s] START NOT VALID — REHEARSAL: IDLE CAMERA OFF | read re-reads 0, thermal retries 0
[  142.6 s] END NOT VALID — REHEARSAL: IDLE CAMERA OFF ok, 16.5 s, read re-reads 0 | read re-reads 0, thermal retries 0
[  142.6 s] START NOT VALID — REHEARSAL: IDLE CAMERA ON — NO INFERENCE | read re-reads 0, thermal retries 0
[  175.9 s] END NOT VALID — REHEARSAL: IDLE CAMERA ON — NO INFERENCE ok, 17.5 s, read re-reads 0 | read re-reads 0, thermal retries 0
[  176.1 s] START WARM-UP L0 | read re-reads 0, thermal retries 0
[  222.0 s] END WARM-UP L0 NOT VALID — OWNER REHEARSAL (live hardware, shortened phases); camera late 0, camera slots skipped 0, M2 live 0 / fallback 0, max_live_boxes 6, read re-reads 0 | read re-reads 0, thermal retries 0
[  222.1 s] START NOT VALID — REHEARSAL: FIXED PAUSE | read re-reads 0, thermal retries 0
[  251.0 s] END NOT VALID — REHEARSAL: FIXED PAUSE ok, 16.4 s, read re-reads 0 | read re-reads 0, thermal retries 0
[  251.1 s] START block 01 L0 | read re-reads 0, thermal retries 0
[  301.4 s] END block 01 L0 NOT VALID — OWNER REHEARSAL (live hardware, shortened phases); camera late 0, camera slots skipped 0, M2 live 0 / fallback 0, max_live_boxes 6, read re-reads 0 | read re-reads 0, thermal retries 0
[  301.5 s] START NOT VALID — REHEARSAL: FIXED PAUSE | read re-reads 0, thermal retries 0
[  330.1 s] END NOT VALID — REHEARSAL: FIXED PAUSE ok, 16.2 s, read re-reads 0, D2 extra cooling 0 s, end skin 31.505802 C (target 31.82 C) | read re-reads 0, thermal retries 0
[  330.2 s] START block 02 L1 | read re-reads 0, thermal retries 0
[  374.1 s] END block 02 L1 NOT VALID — OWNER REHEARSAL (live hardware, shortened phases); camera late 0, camera slots skipped 0, M2 live 2 / fallback 1, max_live_boxes 6, read re-reads 0 | read re-reads 0, thermal retries 0
[  374.1 s] START NOT VALID — REHEARSAL: FIXED PAUSE | read re-reads 0, thermal retries 0
[  408.9 s] END NOT VALID — REHEARSAL: FIXED PAUSE ok, 22.5 s, read re-reads 0, D2 extra cooling 6 s, end skin 32.6035 C (target 31.82 C) | read re-reads 0, thermal retries 0
[  409.0 s] START block 03 L2 | read re-reads 0, thermal retries 0
[  487.9 s] END block 03 L2 NOT VALID — OWNER REHEARSAL (live hardware, shortened phases); camera late 0, camera slots skipped 0, M2 live 1 / fallback 1, max_live_boxes 5, read re-reads 0 | read re-reads 0, thermal retries 0
[  488.0 s] START NOT VALID — REHEARSAL: FIXED PAUSE | read re-reads 0, thermal retries 0
[  523.7 s] END NOT VALID — REHEARSAL: FIXED PAUSE ok, 22.4 s, read re-reads 0, D2 extra cooling 6 s, end skin 32.774605 C (target 31.82 C) | read re-reads 0, thermal retries 0
[  523.9 s] START block 04 L3 | read re-reads 0, thermal retries 0
[  577.1 s] END block 04 L3 NOT VALID — OWNER REHEARSAL (live hardware, shortened phases); camera late 0, camera slots skipped 0, M2 live 4 / fallback 1, max_live_boxes 5, read re-reads 0 | read re-reads 0, thermal retries 0
[  577.1 s] START NOT VALID — REHEARSAL: FIXED PAUSE | read re-reads 0, thermal retries 0
[  611.9 s] END NOT VALID — REHEARSAL: FIXED PAUSE ok, 22.4 s, read re-reads 0, D2 extra cooling 6 s, end skin 33.736603 C (target 31.82 C) | read re-reads 0, thermal retries 0
[  612.1 s] START block 05 L4 | read re-reads 0, thermal retries 0
[  690.5 s] END block 05 L4 NOT VALID — OWNER REHEARSAL (live hardware, shortened phases); camera late 0, camera slots skipped 0, M2 live 4 / fallback 1, max_live_boxes 6, read re-reads 0 | read re-reads 0, thermal retries 0
[  690.7 s] START NOT VALID — REHEARSAL: FIXED PAUSE | read re-reads 0, thermal retries 0
[  726.4 s] END NOT VALID — REHEARSAL: FIXED PAUSE ok, 22.6 s, read re-reads 0, D2 extra cooling 6 s, end skin 34.054302 C (target 31.82 C) | read re-reads 0, thermal retries 0
[  726.6 s] START block 06 L0 | read re-reads 0, thermal retries 0
[  777.0 s] END block 06 L0 NOT VALID — OWNER REHEARSAL (live hardware, shortened phases); camera late 0, camera slots skipped 0, M2 live 0 / fallback 0, max_live_boxes 6, read re-reads 0 | read re-reads 0, thermal retries 0
screen timeout restored/read back 1800000 ms
Coverage: {"setup_complete": true, "idle_phases_done": 3, "warmup_done": true, "pauses_done": 6, "blocks": [{"block": "L0", "m2_live_calls": 0, "m2_fallback_calls": 0, "selector_calls": 2, "selector_fallback_contexts": 0, "max_live_boxes": 6, "read_retries": 0}, {"block": "L1", "m2_live_calls": 2, "m2_fallback_calls": 1, "selector_calls": 2, "selector_fallback_contexts": 1, "max_live_boxes": 6, "read_retries": 0}, {"block": "L2", "m2_live_calls": 1, "m2_fallback_calls": 1, "selector_calls": 2, "selector_fallback_contexts": 1, "max_live_boxes": 5, "read_retries": 0}, {"block": "L3", "m2_live_calls": 4, "m2_fallback_calls": 1, "selector_calls": 2, "selector_fallback_contexts": 1, "max_live_boxes": 5, "read_retries": 0}, {"block": "L4", "m2_live_calls": 4, "m2_fallback_calls": 1, "selector_calls": 2, "selector_fallback_contexts": 1, "max_live_boxes": 6, "read_retries": 0}, {"block": "L0", "m2_live_calls": 0, "m2_fallback_calls": 0, "selector_calls": 2, "selector_fallback_contexts": 0, "max_live_boxes": 6, "read_retries": 0}], "read_retries": 0, "read_retry_over_cap": [], "errors": [], "rehearsal_pass": true}
NOT VALID — OWNER REHEARSAL (live hardware, shortened phases) COMPLETE; inspect rehearsal_coverage Evidence: /data/data/com.termux/files/home/storage/downloads/campaign/owner_rehearsal_p1_fix4d.json
