[oneshot] thermal: 2026-09-28T18:21:48Z z9=39000 z10=39000 z11=41000
[oneshot] idling 5 minutes; keep Termux in front
[oneshot] thermal after idle: 2026-09-28T18:26:49Z z9=32000 z10=30000 z11=31000
thermal idle reading (gate z9 <= idle + 4 degC): z9 32.0 z10 30.0 z11 31.0 degC at 2026-09-28T18:26:49Z
[yolo11n_320] cold: 5 warm-up + 60 timed frames
  [yolo11n_320] thermal start: z9 32.0 z10 30.0 z11 31.0 degC at 2026-09-28T18:26:49Z (waited 0 s)

[yolo11n_320] cold load next: handshake, waiting up to 60 s for /termux-home/ladder/.drop_done
[oneshot] cache drop: ok
  [yolo11n_320] thermal end:   z9 78.0 z10 59.0 z11 61.0 degC at 2026-09-28T18:27:09Z
yolo11n_320                     193.3/198.2      32.3/51.5    6.8/6.9    232.9/250.9    0.09      187      2.20 [0-8]   32->78; full-cold
[yolo11n_640] cold: 5 warm-up + 60 timed frames
  [yolo11n_640] waiting: z9 78.0 degC, need <= 36.0 (idle 32.0 + 4), 0 s
  [yolo11n_640] waiting: z9 37.0 degC, need <= 36.0 (idle 32.0 + 4), 10 s
  [yolo11n_640] thermal start: z9 35.0 z10 35.0 z11 35.0 degC at 2026-09-28T18:27:30Z (waited 20 s)

[yolo11n_640] cold load next: handshake, waiting up to 60 s for /termux-home/ladder/.drop_done
[oneshot] cache drop: ok
  [yolo11n_640] thermal end:   z9 86.0 z10 68.0 z11 71.0 degC at 2026-09-28T18:27:55Z
yolo11n_640                     215.9/220.8    110.3/121.5  29.5/29.9    355.1/368.9    0.10      238      2.40 [1-7]   35->86; weights-cold
[yolo11s_320] cold: 5 warm-up + 60 timed frames
  [yolo11s_320] waiting: z9 86.0 degC, need <= 36.0 (idle 32.0 + 4), 0 s
  [yolo11s_320] waiting: z9 41.0 degC, need <= 36.0 (idle 32.0 + 4), 10 s
  [yolo11s_320] waiting: z9 37.0 degC, need <= 36.0 (idle 32.0 + 4), 20 s
  [yolo11s_320] thermal start: z9 35.0 z10 35.0 z11 35.0 degC at 2026-09-28T18:28:26Z (waited 30 s)

[yolo11s_320] cold load next: handshake, waiting up to 60 s for /termux-home/ladder/.drop_done
[oneshot] cache drop: ok
  [yolo11s_320] thermal end:   z9 82.0 z10 65.0 z11 65.0 degC at 2026-09-28T18:28:46Z
yolo11s_320                     198.9/204.2      66.8/85.6    7.0/7.2    272.6/295.2    0.13      229      2.90 [1-9]   35->82; weights-cold
[yolo11s_640] cold: 5 warm-up + 60 timed frames
  [yolo11s_640] waiting: z9 78.0 degC, need <= 36.0 (idle 32.0 + 4), 0 s
  [yolo11s_640] waiting: z9 42.0 degC, need <= 36.0 (idle 32.0 + 4), 10 s
  [yolo11s_640] waiting: z9 37.0 degC, need <= 36.0 (idle 32.0 + 4), 20 s
  [yolo11s_640] thermal start: z9 35.0 z10 35.0 z11 36.0 degC at 2026-09-28T18:29:16Z (waited 30 s)

[yolo11s_640] cold load next: handshake, waiting up to 60 s for /termux-home/ladder/.drop_done
[oneshot] cache drop: ok
  [yolo11s_640] thermal end:   z9 94.0 z10 81.0 z11 82.0 degC at 2026-09-28T18:29:53Z
yolo11s_640                     220.1/224.2    262.7/300.7  30.6/31.7    515.1/550.3    0.13      325     3.10 [1-11]   35->94; weights-cold
[yolo11m_320] cold: 5 warm-up + 60 timed frames
  [yolo11m_320] waiting: z9 94.0 degC, need <= 36.0 (idle 32.0 + 4), 0 s
  [yolo11m_320] waiting: z9 46.0 degC, need <= 36.0 (idle 32.0 + 4), 10 s
  [yolo11m_320] waiting: z9 42.0 degC, need <= 36.0 (idle 32.0 + 4), 20 s
  [yolo11m_320] waiting: z9 38.0 degC, need <= 36.0 (idle 32.0 + 4), 30 s
  [yolo11m_320] waiting: z9 37.0 degC, need <= 36.0 (idle 32.0 + 4), 40 s
  [yolo11m_320] thermal start: z9 34.0 z10 35.0 z11 35.0 degC at 2026-09-28T18:30:44Z (waited 50 s)

[yolo11m_320] cold load next: handshake, waiting up to 60 s for /termux-home/ladder/.drop_done
[oneshot] cache drop: ok
  [yolo11m_320] thermal end:   z9 92.0 z10 76.0 z11 78.0 degC at 2026-09-28T18:31:14Z
yolo11m_320                     202.2/208.1    205.4/229.3    7.5/7.8    414.7/441.3    0.20      299      2.45 [1-7]   34->92; weights-cold
[yolo11m_640] cold: 5 warm-up + 60 timed frames
  [yolo11m_640] waiting: z9 71.0 degC, need <= 36.0 (idle 32.0 + 4), 0 s
  [yolo11m_640] waiting: z9 45.0 degC, need <= 36.0 (idle 32.0 + 4), 10 s
  [yolo11m_640] waiting: z9 39.0 degC, need <= 36.0 (idle 32.0 + 4), 20 s
  [yolo11m_640] waiting: z9 37.0 degC, need <= 36.0 (idle 32.0 + 4), 30 s
  [yolo11m_640] thermal start: z9 36.0 z10 35.0 z11 36.0 degC at 2026-09-28T18:31:54Z (waited 40 s)

[yolo11m_640] cold load next: handshake, waiting up to 60 s for /termux-home/ladder/.drop_done
[oneshot] cache drop: ok
  [yolo11m_640] thermal end:   z9 89.0 z10 82.0 z11 83.0 degC at 2026-09-28T18:32:56Z
yolo11m_640                     229.9/238.1    639.2/670.6  33.2/35.5    905.5/941.7    0.21      472     3.45 [1-10]   36->89; weights-cold
[yolo26n_320] cold: 5 warm-up + 60 timed frames
  [yolo26n_320] waiting: z9 89.0 degC, need <= 36.0 (idle 32.0 + 4), 0 s
  [yolo26n_320] waiting: z9 50.0 degC, need <= 36.0 (idle 32.0 + 4), 10 s
  [yolo26n_320] waiting: z9 45.0 degC, need <= 36.0 (idle 32.0 + 4), 20 s
  [yolo26n_320] waiting: z9 40.0 degC, need <= 36.0 (idle 32.0 + 4), 30 s
  [yolo26n_320] waiting: z9 38.0 degC, need <= 36.0 (idle 32.0 + 4), 40 s
  [yolo26n_320] waiting: z9 37.0 degC, need <= 36.0 (idle 32.0 + 4), 50 s
  [yolo26n_320] thermal start: z9 35.0 z10 36.0 z11 36.0 degC at 2026-09-28T18:33:52Z (waited 60 s)

[yolo26n_320] cold load next: handshake, waiting up to 60 s for /termux-home/ladder/.drop_done
[oneshot] cache drop: ok
  [yolo26n_320] thermal end:   z9 75.0 z10 60.0 z11 63.0 degC at 2026-09-28T18:34:13Z
yolo26n_320                     192.9/199.3      33.5/51.2    7.1/7.2    234.1/251.0    0.09      188      2.10 [0-5]   35->75; weights-cold
[yolo26n_640] cold: 5 warm-up + 60 timed frames
  [yolo26n_640] waiting: z9 75.0 degC, need <= 36.0 (idle 32.0 + 4), 0 s
  [yolo26n_640] waiting: z9 42.0 degC, need <= 36.0 (idle 32.0 + 4), 10 s
  [yolo26n_640] waiting: z9 39.0 degC, need <= 36.0 (idle 32.0 + 4), 20 s
  [yolo26n_640] thermal start: z9 35.0 z10 35.0 z11 36.0 degC at 2026-09-28T18:34:43Z (waited 30 s)

[yolo26n_640] cold load next: handshake, waiting up to 60 s for /termux-home/ladder/.drop_done
[oneshot] cache drop: ok
  [yolo26n_640] thermal end:   z9 82.0 z10 69.0 z11 72.0 degC at 2026-09-28T18:35:09Z
yolo26n_640                     216.3/221.9     93.5/110.8  28.5/28.9    338.2/357.6    0.11      240      2.45 [1-9]   35->82; weights-cold
[yolo26s_320] cold: 5 warm-up + 60 timed frames
  [yolo26s_320] waiting: z9 82.0 degC, need <= 36.0 (idle 32.0 + 4), 0 s
  [yolo26s_320] waiting: z9 43.0 degC, need <= 36.0 (idle 32.0 + 4), 10 s
  [yolo26s_320] waiting: z9 40.0 degC, need <= 36.0 (idle 32.0 + 4), 20 s
  [yolo26s_320] waiting: z9 37.0 degC, need <= 36.0 (idle 32.0 + 4), 30 s
  [yolo26s_320] thermal start: z9 35.0 z10 35.0 z11 36.0 degC at 2026-09-28T18:35:50Z (waited 40 s)

[yolo26s_320] cold load next: handshake, waiting up to 60 s for /termux-home/ladder/.drop_done
[oneshot] cache drop: ok
  [yolo26s_320] thermal end:   z9 86.0 z10 70.0 z11 72.0 degC at 2026-09-28T18:36:10Z
yolo26s_320                     198.4/202.8      61.9/88.8    7.0/7.2    267.9/291.9    0.14      230      2.40 [0-8]   35->86; weights-cold
[yolo26s_640] cold: 5 warm-up + 60 timed frames
  [yolo26s_640] waiting: z9 86.0 degC, need <= 36.0 (idle 32.0 + 4), 0 s
  [yolo26s_640] waiting: z9 41.0 degC, need <= 36.0 (idle 32.0 + 4), 10 s
  [yolo26s_640] waiting: z9 40.0 degC, need <= 36.0 (idle 32.0 + 4), 20 s
  [yolo26s_640] thermal start: z9 36.0 z10 36.0 z11 36.0 degC at 2026-09-28T18:36:41Z (waited 30 s)

[yolo26s_640] cold load next: handshake, waiting up to 60 s for /termux-home/ladder/.drop_done
[oneshot] cache drop: ok
  [yolo26s_640] thermal end:   z9 100.0 z10 94.0 z11 93.0 degC at 2026-09-28T18:37:17Z
yolo26s_640                     220.5/226.5    263.3/299.3  29.3/30.3    513.2/553.6    0.15      331     3.25 [1-10]   36->100; weights-cold
[yolo26m_320] cold: 5 warm-up + 60 timed frames
  [yolo26m_320] waiting: z9 100.0 degC, need <= 36.0 (idle 32.0 + 4), 0 s
  [yolo26m_320] waiting: z9 49.0 degC, need <= 36.0 (idle 32.0 + 4), 10 s
  [yolo26m_320] waiting: z9 43.0 degC, need <= 36.0 (idle 32.0 + 4), 20 s
  [yolo26m_320] waiting: z9 38.0 degC, need <= 36.0 (idle 32.0 + 4), 30 s
  [yolo26m_320] thermal start: z9 36.0 z10 37.0 z11 37.0 degC at 2026-09-28T18:37:57Z (waited 40 s)

[yolo26m_320] cold load next: handshake, waiting up to 60 s for /termux-home/ladder/.drop_done
[oneshot] cache drop: ok
  [yolo26m_320] thermal end:   z9 92.0 z10 75.0 z11 80.0 degC at 2026-09-28T18:38:28Z
yolo26m_320                     202.5/208.6    210.9/232.0    7.3/7.6    420.8/442.7    0.20      300      2.90 [1-9]   36->92; weights-cold
[yolo26m_640] cold: 5 warm-up + 60 timed frames
  [yolo26m_640] waiting: z9 92.0 degC, need <= 36.0 (idle 32.0 + 4), 0 s
  [yolo26m_640] waiting: z9 46.0 degC, need <= 36.0 (idle 32.0 + 4), 10 s
  [yolo26m_640] waiting: z9 41.0 degC, need <= 36.0 (idle 32.0 + 4), 20 s
  [yolo26m_640] waiting: z9 38.0 degC, need <= 36.0 (idle 32.0 + 4), 30 s
  [yolo26m_640] waiting: z9 39.0 degC, need <= 36.0 (idle 32.0 + 4), 40 s
  [yolo26m_640] thermal start: z9 35.0 z10 36.0 z11 36.0 degC at 2026-09-28T18:39:18Z (waited 50 s)

[yolo26m_640] cold load next: handshake, waiting up to 60 s for /termux-home/ladder/.drop_done
[oneshot] cache drop: ok
  [yolo26m_640] thermal end:   z9 102.0 z10 98.0 z11 96.0 degC at 2026-09-28T18:40:20Z
yolo26m_640                     232.5/240.8    638.5/666.0  34.7/37.4    906.1/935.0    0.20      482     3.85 [1-11]   35->102; weights-cold
[deployed_yolo11m_640] cold: 5 warm-up + 60 timed frames
  [deployed_yolo11m_640] waiting: z9 102.0 degC, need <= 36.0 (idle 32.0 + 4), 0 s
  [deployed_yolo11m_640] waiting: z9 53.0 degC, need <= 36.0 (idle 32.0 + 4), 10 s
  [deployed_yolo11m_640] waiting: z9 45.0 degC, need <= 36.0 (idle 32.0 + 4), 20 s
  [deployed_yolo11m_640] waiting: z9 44.0 degC, need <= 36.0 (idle 32.0 + 4), 30 s
  [deployed_yolo11m_640] waiting: z9 60.0 degC, need <= 36.0 (idle 32.0 + 4), 40 s
  [deployed_yolo11m_640] waiting: z9 38.0 degC, need <= 36.0 (idle 32.0 + 4), 50 s
  [deployed_yolo11m_640] waiting: z9 37.0 degC, need <= 36.0 (idle 32.0 + 4), 60 s
  [deployed_yolo11m_640] thermal start: z9 36.0 z10 36.0 z11 36.0 degC at 2026-09-28T18:41:31Z (waited 70 s)

[deployed_yolo11m_640] cold load next: handshake, waiting up to 60 s for /termux-home/ladder/.drop_done
[oneshot] cache drop: ok
  [deployed_yolo11m_640] thermal end:   z9 99.0 z10 93.0 z11 93.0 degC at 2026-09-28T18:42:33Z
deployed_yolo11m_640            231.6/244.0    640.9/671.6  34.7/37.4    908.4/931.1    0.21      472     3.45 [1-10]   36->99; weights-cold
[deployed_yolo11m_640_int8dyn] cold: 5 warm-up + 60 timed frames
  [deployed_yolo11m_640_int8dyn] waiting: z9 99.0 degC, need <= 36.0 (idle 32.0 + 4), 0 s
  [deployed_yolo11m_640_int8dyn] waiting: z9 55.0 degC, need <= 36.0 (idle 32.0 + 4), 10 s
  [deployed_yolo11m_640_int8dyn] waiting: z9 45.0 degC, need <= 36.0 (idle 32.0 + 4), 20 s
  [deployed_yolo11m_640_int8dyn] waiting: z9 42.0 degC, need <= 36.0 (idle 32.0 + 4), 30 s
  [deployed_yolo11m_640_int8dyn] waiting: z9 40.0 degC, need <= 36.0 (idle 32.0 + 4), 40 s
  [deployed_yolo11m_640_int8dyn] waiting: z9 38.0 degC, need <= 36.0 (idle 32.0 + 4), 50 s
  [deployed_yolo11m_640_int8dyn] waiting: z9 37.0 degC, need <= 36.0 (idle 32.0 + 4), 60 s
  [deployed_yolo11m_640_int8dyn] thermal start: z9 36.0 z10 37.0 z11 37.0 degC at 2026-09-28T18:43:44Z (waited 70 s)

[deployed_yolo11m_640_int8dyn] cold load next: handshake, waiting up to 60 s for /termux-home/ladder/.drop_done
[oneshot] cache drop: ok
  [deployed_yolo11m_640_int8dyn] thermal end:   z9 74.0 z10 74.0 z11 73.0 degC at 2026-09-28T18:46:02Z
deployed_yolo11m_640_int8dyn    253.4/297.3  1785.8/1899.8  36.3/44.6  2080.6/2262.0    0.20      436     3.25 [0-10]   36->74; weights-cold
median / P95 over the timed frames; dets/frame = mean [min-max]
config                               pre ms       infer ms    post ms       total ms  load s  RSS MiB      dets/frame   thermal z9 start->end degC; load state
yolo11n_320                     193.3/198.2      32.3/51.5    6.8/6.9    232.9/250.9    0.09      187      2.20 [0-8]   32->78; full-cold
yolo11n_640                     215.9/220.8    110.3/121.5  29.5/29.9    355.1/368.9    0.10      238      2.40 [1-7]   35->86; weights-cold
yolo11s_320                     198.9/204.2      66.8/85.6    7.0/7.2    272.6/295.2    0.13      229      2.90 [1-9]   35->82; weights-cold
yolo11s_640                     220.1/224.2    262.7/300.7  30.6/31.7    515.1/550.3    0.13      325     3.10 [1-11]   35->94; weights-cold
yolo11m_320                     202.2/208.1    205.4/229.3    7.5/7.8    414.7/441.3    0.20      299      2.45 [1-7]   34->92; weights-cold
yolo11m_640                     229.9/238.1    639.2/670.6  33.2/35.5    905.5/941.7    0.21      472     3.45 [1-10]   36->89; weights-cold
yolo26n_320                     192.9/199.3      33.5/51.2    7.1/7.2    234.1/251.0    0.09      188      2.10 [0-5]   35->75; weights-cold
yolo26n_640                     216.3/221.9     93.5/110.8  28.5/28.9    338.2/357.6    0.11      240      2.45 [1-9]   35->82; weights-cold
yolo26s_320                     198.4/202.8      61.9/88.8    7.0/7.2    267.9/291.9    0.14      230      2.40 [0-8]   35->86; weights-cold
yolo26s_640                     220.5/226.5    263.3/299.3  29.3/30.3    513.2/553.6    0.15      331     3.25 [1-10]   36->100; weights-cold
yolo26m_320                     202.5/208.6    210.9/232.0    7.3/7.6    420.8/442.7    0.20      300      2.90 [1-9]   36->92; weights-cold
yolo26m_640                     232.5/240.8    638.5/666.0  34.7/37.4    906.1/935.0    0.20      482     3.85 [1-11]   35->102; weights-cold
deployed_yolo11m_640            231.6/244.0    640.9/671.6  34.7/37.4    908.4/931.1    0.21      472     3.45 [1-10]   36->99; weights-cold
deployed_yolo11m_640_int8dyn    253.4/297.3  1785.8/1899.8  36.3/44.6  2080.6/2262.0    0.20      436     3.25 [0-10]   36->74; weights-cold
[oneshot] done; console log: /data/data/com.termux/files/home/ladder/oneshot_console_20260928T182142Z.log
[oneshot] stopped logger and watcher; screen timeout restored to cmd: Failure calling service settings: Failed transaction (2147483646)
