NOT VALID — dry-run, agents resident; no charger/agent/idle/skin gates or sensor sampling
{
  "model": "relsgg-vits16plus",
  "label": "NOT VALID \u2014 DRY RUN",
  "photo": "/data/data/com.termux/files/home/robot/benchmark/relate_anything/desk2/speed_photo.jpg",
  "photo_sha256": "4da2d789dd9a60405658184de81e9f46b3c55e09024a6f2ce26a934d899d0fd8",
  "cadence_s": 5,
  "planned_s": 180,
  "intra_op_threads": 2,
  "cpus": [
    4,
    5
  ],
  "sampling": {
    "caps_cpu_battery_temp_s": 1,
    "skin_android_status_s": 5,
    "power_memory_s": 5
  },
  "load_ms": 2164.8403329891153,
  "ort_tids": [
    16759,
    16765
  ],
  "block_start_monotonic": 315149.754938589,
  "duration_s": 6.328272341983393,
  "median_ort_ms": 1305.298767547356,
  "p95_ort_ms": 1314.3373113969574,
  "VmHWM_KiB": 461384,
  "min_MemAvailable_MiB": null
}
