INFORMAL — agents resident, NOT VALID TIMING — dry-run; no charger/agent/idle/skin gates or sensor sampling
{
  "model": "relsgg-vits16plus",
  "label": "INFORMAL \u2014 agents resident, NOT VALID TIMING \u2014 DRY RUN",
  "photo": "/data/data/com.termux/files/home/robot/benchmark/relate_anything/desk2/speed_photo.jpg",
  "photo_sha256": "4da2d789dd9a60405658184de81e9f46b3c55e09024a6f2ce26a934d899d0fd8",
  "cadence_s": 5,
  "planned_s": 180,
  "intra_op_threads": 2,
  "cpus": [
    4,
    5
  ],
  "sampling": {
    "caps_cpu_battery_temp_s": 1,
    "skin_android_status_s": 5,
    "power_memory_s": 5
  },
  "load_ms": 2093.6428640270606,
  "ort_tids": [
    20435,
    20438
  ],
  "block_start_s": 0.0,
  "time_base": "time.monotonic; all sample times relative to block start",
  "duration_s": 6.322450970998034,
  "median_ort_ms": 1304.6587329881731,
  "p95_ort_ms": 1317.5511519686552,
  "VmHWM_KiB": 461616,
  "min_MemAvailable_MiB": null
}
Evidence: benchmark/relate_anything/desk2/results/relsgg-vits16plus/dry_run_desk3.json
