{
  "threshold_abs_logits": 0.001,
  "reason": "float32 CPU/export roundoff allowance; score sigmoid Lipschitz <=1/4",
  "sample": "assets/reel/images/horse.jpg",
  "boxes": [
    [
      470,
      130,
      650,
      630
    ],
    [
      90,
      310,
      1010,
      875
    ]
  ],
  "inputs": "horse_native_feed.npz generated by native desk_check.preprocess",
  "deltas": {
    "pred_logits": 6.576396942138672,
    "pair_logits": 0.800319254398346
  },
  "exact_matches": {
    "sub_idx": false,
    "obj_idx": false,
    "valid_mask": true
  },
  "passed": false
}
