/data/data/com.termux/files/usr/lib/python3.13/site-packages/onnxruntime/capi/onnxruntime_validation.py:66: UserWarning: Unsupported platform (android). ONNX Runtime supports Linux, macOS, AIX and Windows platforms, only.
  warnings.warn(
/data/data/com.termux/files/home/robot/benchmark/relate_anything/desk2/desk_check.py:63: RuntimeWarning: invalid value encountered in logaddexp
  return np.exp(-np.logaddexp(0, -np.asarray(x)))
Traceback (most recent call last):
  File "/data/data/com.termux/files/home/robot/benchmark/relate_anything/desk2/self_check.py", line 63, in <module>
    np.testing.assert_allclose(actual, expected, rtol=0, atol=2e-16)
    ~~~~~~~~~~~~~~~~~~~~~~~~~~^^^^^^^^^^^^^^^^^^^^^^^^^^^^^^^^^^^^^^
  File "/data/data/com.termux/files/usr/lib/python3.13/site-packages/numpy/testing/_private/utils.py", line 1768, in assert_allclose
    assert_array_compare(compare, actual, desired, err_msg=str(err_msg),
    ~~~~~~~~~~~~~~~~~~~~^^^^^^^^^^^^^^^^^^^^^^^^^^^^^^^^^^^^^^^^^^^^^^^^
                         verbose=verbose, header=header, equal_nan=equal_nan,
                         ^^^^^^^^^^^^^^^^^^^^^^^^^^^^^^^^^^^^^^^^^^^^^^^^^^^^
                         strict=strict)
                         ^^^^^^^^^^^^^^
  File "/data/data/com.termux/files/usr/lib/python3.13/site-packages/numpy/testing/_private/utils.py", line 983, in assert_array_compare
    raise AssertionError(msg)
AssertionError: 
Not equal to tolerance rtol=0, atol=2e-16

Mismatched elements: 2 / 7 (28.6%)
Mismatch at indices:
 [3]: 0.99999999994986 (ACTUAL), 0.9999999999486995 (DESIRED)
 [4]: 0.99999999994986 (ACTUAL), 0.9999999999486995 (DESIRED)
Max absolute difference among violations: 1.16051613e-12
Max relative difference among violations: 1.16051613e-12
 ACTUAL: array([3.060673e-11, 2.541714e-02, 4.386113e-01, 1.000000e+00,
       1.000000e+00, 4.000000e-01, 4.000000e-01])
 DESIRED: array([3.060673e-11, 2.541714e-02, 4.386113e-01, 1.000000e+00,
       1.000000e+00, 4.000000e-01, 4.000000e-01])
