START endurance ACTIVE L2 at +0.0 s
END endurance ACTIVE L2 180.0 s
START fixed ACTIVE SLOT L2 at +0.0 s
END fixed ACTIVE SLOT L2 40.0 s
START fixed PAUSE SLOT: STOP CAMERA THEN OFF at +40.0 s
END fixed PAUSE SLOT: STOP CAMERA THEN OFF 20.0 s
START fixed ACTIVE SLOT L2 at +60.0 s
END fixed ACTIVE SLOT L2 40.0 s
START fixed PAUSE SLOT: STOP CAMERA THEN OFF at +100.0 s
END fixed PAUSE SLOT: STOP CAMERA THEN OFF 20.0 s
START fixed ACTIVE SLOT L2 at +120.0 s
END fixed ACTIVE SLOT L2 40.0 s
START fixed PAUSE SLOT: STOP CAMERA THEN OFF at +160.0 s
END fixed PAUSE SLOT: STOP CAMERA THEN OFF 20.0 s
START adaptive ACTIVE L2 at +0.0 s
END adaptive ACTIVE L2 60.0 s
START adaptive PAUSE: STOP CAMERA THEN OFF at +60.0 s
END adaptive PAUSE: STOP CAMERA THEN OFF 54.8 s
START adaptive ACTIVE L2 at +114.8 s
END adaptive ACTIVE L2 60.4 s
START adaptive PAUSE: STOP CAMERA THEN OFF at +175.1 s
END adaptive PAUSE: STOP CAMERA THEN OFF 54.8 s
START adaptive ACTIVE L2 at +229.9 s
END adaptive ACTIVE L2 60.4 s
START adaptive PAUSE: STOP CAMERA THEN OFF at +290.3 s
END adaptive PAUSE: STOP CAMERA THEN OFF 54.8 s
START adaptive ACTIVE L2 at +345.1 s
END adaptive ACTIVE L2 60.4 s
START adaptive PAUSE: STOP CAMERA THEN OFF at +405.4 s
END adaptive PAUSE: STOP CAMERA THEN OFF 74.6 s
NOT VALID — DRY RUN (all hardware mocked) Evidence: /termux-home/robot/benchmark/campaign/checks/p23b/coder_mock_p23b.json
Coverage: {"modes": ["endurance", "fixed", "adaptive"], "live_m2_calls": {"endurance": 7, "fixed": 2, "adaptive": 11}, "fallback_m2_calls": {"endurance": 1, "fixed": 1, "adaptive": 1}, "selector_fallback_contexts": {"endurance": 1, "fixed": 1, "adaptive": 1}, "fixed_pauses": 3, "adaptive_high_switch": true, "adaptive_low_restart": true, "adaptive_camera_restarts": 3, "camera_restarts": 5, "camera_failed_attempts": 0, "errors": [], "setup_complete": true, "rehearsal_pass": false}
