Planned blocks: [{"block": 1, "variant": "fp32", "cluster": "MID", "cpus": [4, 5], "threads": 2, "output": "/data/data/com.termux/files/home/storage/downloads/relate_speed1/owner_session_speed1_fix_block_01_fp32_MID.json"}, {"block": 2, "variant": "fp32", "cluster": "BIG", "cpus": [6, 7], "threads": 2, "output": "/data/data/com.termux/files/home/storage/downloads/relate_speed1/owner_session_speed1_fix_block_02_fp32_BIG.json"}, {"block": 3, "variant": "fp32", "cluster": "LITTLE", "cpus": [0, 1, 2, 3], "threads": 4, "output": "/data/data/com.termux/files/home/storage/downloads/relate_speed1/owner_session_speed1_fix_block_03_fp32_LITTLE.json"}, {"block": 4, "variant": "fp32", "cluster": "MID", "cpus": [4, 5], "threads": 2, "output": "/data/data/com.termux/files/home/storage/downloads/relate_speed1/owner_session_speed1_fix_block_04_fp32_MID.json"}]
Estimated owner session: 17.0 min + loads/setup; up to 49.0 min with all gates at 8 min.
screen timeout saved 1800000 ms; set/read back 2147483647
Idling 300 s once; unplugged, screen on, Termux foreground
{
  "model": "relsgg-vits16",
  "label": "TIMING COMPLETE; warm starts flagged; no cold-cache load claim",
  "photo": "/data/data/com.termux/files/home/robot/benchmark/relate_anything/desk2/speed_photo.jpg",
  "photo_sha256": "4da2d789dd9a60405658184de81e9f46b3c55e09024a6f2ce26a934d899d0fd8",
  "cadence_s": 5,
  "planned_s": 180,
  "intra_op_threads": 2,
  "cpus": [
    4,
    5
  ],
  "sampling": {
    "caps_cpu_battery_temp_s": 1,
    "battery_power_s": 1,
    "skin_android_status_s": 5,
    "battery_status_memory_s": 5
  },
  "power_source": {
    "current": "/sys/class/power_supply/battery/current_now",
    "voltage": "/sys/class/power_supply/battery/voltage_now",
    "kind": "current_now sysfs reading; no runner averaging; driver filtering unspecified"
  },
  "variant": "fp32",
  "cluster": "MID",
  "idle": {
    "t": -3.500332725001499,
    "t_start": -3.5912163100438192,
    "rc": 0,
    "status": 0,
    "skin": 28.8351
  },
  "load_ms": 1871.460082998965,
  "ort_tids": [
    27655,
    27656
  ],
  "providers": [
    "CPUExecutionProvider"
  ],
  "optimization_level": "GraphOptimizationLevel.ORT_ENABLE_ALL",
  "artifact_identity": {
    "relateanything.onnx": "24a2e2a2ef8ea7d1b7cffef9fe5e35ab9c8eeb413e73eb4dee5afa9b24dd98d5",
    "relateanything.json": "e70152faa7875bf9ae865d14b3539b7aac358f33bfb10db265365441db26bfaa",
    "predicate_bank.npz": "6043ff8fb765db34d89019617979d566b79967b7740c72bb4007786179839f48"
  },
  "gate": {
    "t": -0.20896561699919403,
    "t_start": -0.3252324220375158,
    "rc": 0,
    "status": 0,
    "skin": 28.805502,
    "warm_start": false,
    "waited_s": 0.2147988280048594
  },
  "power_monitor_cpus": [
    0,
    1,
    2,
    3,
    6,
    7
  ],
  "root_shell_cpus": [
    0,
    1,
    2,
    3,
    6,
    7
  ],
  "cpuinfo_max_khz": {
    "policy0": 1803000,
    "policy4": 2348000,
    "policy6": 2850000
  },
  "block_start_s": 0.0,
  "time_base": "time.monotonic; all sample times relative to block start",
  "duration_s": 180.01903878396843,
  "median_ort_ms": 1115.745158516802,
  "p95_ort_ms": 1126.330872255494,
  "VmHWM_KiB": 445460,
  "min_MemAvailable_MiB": 3071,
  "power_summary": {
    "mean_battery_w": 1.223705017504011,
    "mean_inside_calls_w": 4.005525873706667,
    "mean_outside_calls_w": 0.5282498034533473,
    "samples": 180,
    "inside_samples": 36,
    "outside_samples": 144,
    "classification": "sample receipt t in [started_s, ended_s); block 0 <= t <= duration",
    "read_overlaps_call_boundary": 0
  },
  "caps_by_policy": {
    "policy0": {
      "seconds": 0.0,
      "percent": 0.0,
      "unknown_s": 0.0,
      "lowest_mhz": 1803.0
    },
    "policy4": {
      "seconds": 0.0,
      "percent": 0.0,
      "unknown_s": 0.0,
      "lowest_mhz": 2348.0
    },
    "policy6": {
      "seconds": 0.0,
      "percent": 0.0,
      "unknown_s": 0.0,
      "lowest_mhz": 2850.0
    }
  },
  "validity": "VALID"
}
Evidence: /data/data/com.termux/files/home/storage/downloads/relate_speed1/owner_session_speed1_fix_block_01_fp32_MID.json
{
  "model": "relsgg-vits16",
  "label": "TIMING COMPLETE; warm starts flagged; no cold-cache load claim",
  "photo": "/data/data/com.termux/files/home/robot/benchmark/relate_anything/desk2/speed_photo.jpg",
  "photo_sha256": "4da2d789dd9a60405658184de81e9f46b3c55e09024a6f2ce26a934d899d0fd8",
  "cadence_s": 5,
  "planned_s": 180,
  "intra_op_threads": 2,
  "cpus": [
    6,
    7
  ],
  "sampling": {
    "caps_cpu_battery_temp_s": 1,
    "battery_power_s": 1,
    "skin_android_status_s": 5,
    "battery_status_memory_s": 5
  },
  "power_source": {
    "current": "/sys/class/power_supply/battery/current_now",
    "voltage": "/sys/class/power_supply/battery/voltage_now",
    "kind": "current_now sysfs reading; no runner averaging; driver filtering unspecified"
  },
  "variant": "fp32",
  "cluster": "BIG",
  "idle": {
    "t": -187.25755990599282,
    "t_start": -187.34844349103514,
    "rc": 0,
    "status": 0,
    "skin": 28.8351
  },
  "load_ms": 1881.8300790153444,
  "ort_tids": [
    29957,
    29958
  ],
  "providers": [
    "CPUExecutionProvider"
  ],
  "optimization_level": "GraphOptimizationLevel.ORT_ENABLE_ALL",
  "artifact_identity": {
    "relateanything.onnx": "24a2e2a2ef8ea7d1b7cffef9fe5e35ab9c8eeb413e73eb4dee5afa9b24dd98d5",
    "relateanything.json": "e70152faa7875bf9ae865d14b3539b7aac358f33bfb10db265365441db26bfaa",
    "predicate_bank.npz": "6043ff8fb765db34d89019617979d566b79967b7740c72bb4007786179839f48"
  },
  "gate": {
    "t": -0.19335294602205977,
    "t_start": -0.27966044103959575,
    "rc": 0,
    "status": 0,
    "skin": 30.121403,
    "warm_start": false,
    "waited_s": 0.23115567996865138
  },
  "power_monitor_cpus": [
    0,
    1,
    2,
    3,
    4,
    5
  ],
  "root_shell_cpus": [
    0,
    1,
    2,
    3,
    4,
    5
  ],
  "cpuinfo_max_khz": {
    "policy0": 1803000,
    "policy4": 2348000,
    "policy6": 2850000
  },
  "block_start_s": 0.0,
  "time_base": "time.monotonic; all sample times relative to block start",
  "duration_s": 180.1038687810069,
  "median_ort_ms": 645.9183150145691,
  "p95_ort_ms": 670.7128294656286,
  "VmHWM_KiB": 448156,
  "min_MemAvailable_MiB": 3019,
  "power_summary": {
    "mean_battery_w": 1.18812324421145,
    "mean_inside_calls_w": null,
    "mean_outside_calls_w": 1.18812324421145,
    "samples": 180,
    "inside_samples": 0,
    "outside_samples": 180,
    "classification": "sample receipt t in [started_s, ended_s); block 0 <= t <= duration",
    "read_overlaps_call_boundary": 0
  },
  "caps_by_policy": {
    "policy0": {
      "seconds": 0.0,
      "percent": 0.0,
      "unknown_s": 0.0,
      "lowest_mhz": 1803.0
    },
    "policy4": {
      "seconds": 0.0,
      "percent": 0.0,
      "unknown_s": 0.0,
      "lowest_mhz": 2348.0
    },
    "policy6": {
      "seconds": 0.0,
      "percent": 0.0,
      "unknown_s": 0.0,
      "lowest_mhz": 2850.0
    }
  },
  "validity": "VALID"
}
Evidence: /data/data/com.termux/files/home/storage/downloads/relate_speed1/owner_session_speed1_fix_block_02_fp32_BIG.json
{
  "model": "relsgg-vits16",
  "label": "TIMING COMPLETE; warm starts flagged; no cold-cache load claim",
  "photo": "/data/data/com.termux/files/home/robot/benchmark/relate_anything/desk2/speed_photo.jpg",
  "photo_sha256": "4da2d789dd9a60405658184de81e9f46b3c55e09024a6f2ce26a934d899d0fd8",
  "cadence_s": 5,
  "planned_s": 180,
  "intra_op_threads": 4,
  "cpus": [
    0,
    1,
    2,
    3
  ],
  "sampling": {
    "caps_cpu_battery_temp_s": 1,
    "battery_power_s": 1,
    "skin_android_status_s": 5,
    "battery_status_memory_s": 5
  },
  "power_source": {
    "current": "/sys/class/power_supply/battery/current_now",
    "voltage": "/sys/class/power_supply/battery/voltage_now",
    "kind": "current_now sysfs reading; no runner averaging; driver filtering unspecified"
  },
  "variant": "fp32",
  "cluster": "LITTLE",
  "idle": {
    "t": -442.68639307899866,
    "t_start": -442.777276664041,
    "rc": 0,
    "status": 0,
    "skin": 28.8351
  },
  "load_ms": 1885.1468109642155,
  "ort_tids": [
    31855,
    31856,
    31857,
    31859
  ],
  "providers": [
    "CPUExecutionProvider"
  ],
  "optimization_level": "GraphOptimizationLevel.ORT_ENABLE_ALL",
  "artifact_identity": {
    "relateanything.onnx": "24a2e2a2ef8ea7d1b7cffef9fe5e35ab9c8eeb413e73eb4dee5afa9b24dd98d5",
    "relateanything.json": "e70152faa7875bf9ae865d14b3539b7aac358f33bfb10db265365441db26bfaa",
    "predicate_bank.npz": "6043ff8fb765db34d89019617979d566b79967b7740c72bb4007786179839f48"
  },
  "gate": {
    "t": -0.15659733000211418,
    "t_start": -0.25764782703481615,
    "rc": 0,
    "status": 0,
    "skin": 30.239002,
    "warm_start": false,
    "waited_s": 71.89058564702282
  },
  "power_monitor_cpus": [
    4,
    5,
    6,
    7
  ],
  "root_shell_cpus": [
    4,
    5,
    6,
    7
  ],
  "cpuinfo_max_khz": {
    "policy0": 1803000,
    "policy4": 2348000,
    "policy6": 2850000
  },
  "block_start_s": 0.0,
  "time_base": "time.monotonic; all sample times relative to block start",
  "duration_s": 180.03324866399635,
  "median_ort_ms": 3130.2092710102443,
  "p95_ort_ms": 3207.7479367289925,
  "VmHWM_KiB": 449328,
  "min_MemAvailable_MiB": 3060,
  "power_summary": {
    "mean_battery_w": 1.3871429568616334,
    "mean_inside_calls_w": 1.9936260934216758,
    "mean_outside_calls_w": 0.47741825202156946,
    "samples": 180,
    "inside_samples": 108,
    "outside_samples": 72,
    "classification": "sample receipt t in [started_s, ended_s); block 0 <= t <= duration",
    "read_overlaps_call_boundary": 0
  },
  "caps_by_policy": {
    "policy0": {
      "seconds": 0.0,
      "percent": 0.0,
      "unknown_s": 0.0,
      "lowest_mhz": 1803.0
    },
    "policy4": {
      "seconds": 0.0,
      "percent": 0.0,
      "unknown_s": 0.0,
      "lowest_mhz": 2348.0
    },
    "policy6": {
      "seconds": 0.0,
      "percent": 0.0,
      "unknown_s": 0.0,
      "lowest_mhz": 2850.0
    }
  },
  "validity": "VALID"
}
Evidence: /data/data/com.termux/files/home/storage/downloads/relate_speed1/owner_session_speed1_fix_block_03_fp32_LITTLE.json
{
  "model": "relsgg-vits16",
  "label": "TIMING COMPLETE; warm starts flagged; no cold-cache load claim",
  "photo": "/data/data/com.termux/files/home/robot/benchmark/relate_anything/desk2/speed_photo.jpg",
  "photo_sha256": "4da2d789dd9a60405658184de81e9f46b3c55e09024a6f2ce26a934d899d0fd8",
  "cadence_s": 5,
  "planned_s": 180,
  "intra_op_threads": 2,
  "cpus": [
    4,
    5
  ],
  "sampling": {
    "caps_cpu_battery_temp_s": 1,
    "battery_power_s": 1,
    "skin_android_status_s": 5,
    "battery_status_memory_s": 5
  },
  "power_source": {
    "current": "/sys/class/power_supply/battery/current_now",
    "voltage": "/sys/class/power_supply/battery/voltage_now",
    "kind": "current_now sysfs reading; no runner averaging; driver filtering unspecified"
  },
  "variant": "fp32",
  "cluster": "MID",
  "idle": {
    "t": -1108.0397833379684,
    "t_start": -1108.1306669230107,
    "rc": 0,
    "status": 0,
    "skin": 28.8351
  },
  "load_ms": 1885.182536963839,
  "ort_tids": [
    3978,
    3979
  ],
  "providers": [
    "CPUExecutionProvider"
  ],
  "optimization_level": "GraphOptimizationLevel.ORT_ENABLE_ALL",
  "artifact_identity": {
    "relateanything.onnx": "24a2e2a2ef8ea7d1b7cffef9fe5e35ab9c8eeb413e73eb4dee5afa9b24dd98d5",
    "relateanything.json": "e70152faa7875bf9ae865d14b3539b7aac358f33bfb10db265365441db26bfaa",
    "predicate_bank.npz": "6043ff8fb765db34d89019617979d566b79967b7740c72bb4007786179839f48"
  },
  "gate": {
    "t": -0.1796272789943032,
    "t_start": -0.25057295797159895,
    "rc": 0,
    "status": 0,
    "skin": 30.364922,
    "warm_start": true,
    "waited_s": 481.8537810790003
  },
  "power_monitor_cpus": [
    0,
    1,
    2,
    3,
    6,
    7
  ],
  "root_shell_cpus": [
    0,
    1,
    2,
    3,
    6,
    7
  ],
  "cpuinfo_max_khz": {
    "policy0": 1803000,
    "policy4": 2348000,
    "policy6": 2850000
  },
  "block_start_s": 0.0,
  "time_base": "time.monotonic; all sample times relative to block start",
  "duration_s": 180.00539612403372,
  "median_ort_ms": 1118.4709274966735,
  "p95_ort_ms": 1130.4570422507823,
  "VmHWM_KiB": 451500,
  "min_MemAvailable_MiB": 3047,
  "power_summary": {
    "mean_battery_w": 1.2271303416754389,
    "mean_inside_calls_w": 4.065655980108612,
    "mean_outside_calls_w": 0.5174989320671458,
    "samples": 180,
    "inside_samples": 36,
    "outside_samples": 144,
    "classification": "sample receipt t in [started_s, ended_s); block 0 <= t <= duration",
    "read_overlaps_call_boundary": 0
  },
  "caps_by_policy": {
    "policy0": {
      "seconds": 0.0,
      "percent": 0.0,
      "unknown_s": 0.0,
      "lowest_mhz": 1803.0
    },
    "policy4": {
      "seconds": 0.0,
      "percent": 0.0,
      "unknown_s": 0.0,
      "lowest_mhz": 2348.0
    },
    "policy6": {
      "seconds": 0.0,
      "percent": 0.0,
      "unknown_s": 0.0,
      "lowest_mhz": 2850.0
    }
  },
  "validity": "NOT VALID \u2014 WARM START"
}
Evidence: /data/data/com.termux/files/home/storage/downloads/relate_speed1/owner_session_speed1_fix_block_04_fp32_MID.json
screen timeout restored/read back 1800000 ms
Session label: SESSION COMPLETE; inspect every block validity and warm-start flags 
Evidence: /data/data/com.termux/files/home/storage/downloads/relate_speed1/owner_session_speed1_fix.json
