
── Cycle 1 | 35°C | dist:400cm ──
  [CAM] Photo failed

── Cycle 1 | 35°C | dist:400cm ──
  [YOLO] size=320 person=False
  [YOLO] empty room
  [NAV] FORWARD
  [MOTOR] FORWARD

── Cycle 1 | 35°C | dist:400cm ──
  [YOLO] size=320 person=False
  [YOLO] empty room
  [NAV] FORWARD
  [MOTOR] FORWARD

── Cycle 2 | 35°C | dist:400cm ──
  [CAM] no new frame — stop

── Cycle 1 | 35°C | dist:400cm ──
  [YOLO] size=320 person=False
  [YOLO] empty room
  [NAV] FORWARD
  [MOTOR] FORWARD

── Cycle 2 | 35°C | dist:400cm ──
  [CAM] no new frame — stop

── Cycle 1 | 35°C | dist:20cm ──
  [YOLO] empty room
  [NAV] RIGHT
  [MOTOR] RIGHT

── Cycle 2 | 35°C | dist:20cm ──
  [YOLO] empty room
  [NAV] RIGHT
  [MOTOR] RIGHT

── Cycle 1 | 35°C | dist:20cm ──
  [YOLO] empty room
  [NAV] LEFT
  [MOTOR] LEFT

── Cycle 2 | 35°C | dist:20cm ──
  [YOLO] empty room
  [NAV] LEFT
  [MOTOR] LEFT

── Cycle 1 | 35°C | dist:400cm ──
  [YOLO] size=320 person=False
  [YOLO] empty room
  [NAV] FORWARD
  [MOTOR] FORWARD

── Cycle 1 | 35°C | dist:400cm ──
  [CAM] missing frame — stop

── Cycle 1 | 35°C | dist:400cm ──
  [CAM] bad frame — stop

── Cycle 1 | 35°C | dist:400cm ──
  [CAM] other_session frame — stop

── Cycle 1 | 35°C | dist:400cm ──
  [VISION] inference failure — stop
