INFORMAL — agents resident, NOT VALID TIMING
fp32 test_photos/PXL_20260405_213419918.MP.jpg {'overlap': 10, 'reference_count': 10, 'variant_count': 10, 'max_score_delta': 0.0, 'pass_fail_flips': 0, 'passed': True} INFORMAL — agents resident, NOT VALID TIMING
fp32 test_photos/PXL_20260405_213509269.MP.jpg {'overlap': 10, 'reference_count': 10, 'variant_count': 10, 'max_score_delta': 0.0, 'pass_fail_flips': 0, 'passed': True} INFORMAL — agents resident, NOT VALID TIMING
fp32 test_photos/PXL_20260405_213514191.MP.jpg {'overlap': 10, 'reference_count': 10, 'variant_count': 10, 'max_score_delta': 0.0, 'pass_fail_flips': 0, 'passed': True} INFORMAL — agents resident, NOT VALID TIMING
fp32 test_photos/PXL_20260405_213536608.jpg {'overlap': 2, 'reference_count': 2, 'variant_count': 2, 'max_score_delta': 0.0, 'pass_fail_flips': 0, 'passed': False} INFORMAL — agents resident, NOT VALID TIMING
fp32 test_photos/abdel_close_back.jpg {'overlap': 10, 'reference_count': 10, 'variant_count': 10, 'max_score_delta': 0.0, 'pass_fail_flips': 0, 'passed': True} INFORMAL — agents resident, NOT VALID TIMING
fp32 bench_photos/blocked_1.jpg {'overlap': 10, 'reference_count': 10, 'variant_count': 10, 'max_score_delta': 0.0, 'pass_fail_flips': 0, 'passed': True} INFORMAL — agents resident, NOT VALID TIMING
fp32 bench_photos/roomsig_couch_1.jpg {'overlap': 10, 'reference_count': 10, 'variant_count': 10, 'max_score_delta': 0.0, 'pass_fail_flips': 0, 'passed': True} INFORMAL — agents resident, NOT VALID TIMING
fp32 FAIL INFORMAL — agents resident, NOT VALID TIMING
int8 FAIL INFORMAL — agents resident, NOT VALID TIMING
xnnpack FAIL INFORMAL — agents resident, NOT VALID TIMING
img384 test_photos/PXL_20260405_213419918.MP.jpg {'overlap': 9, 'reference_count': 10, 'variant_count': 10, 'max_score_delta': 0.08271363377571106, 'pass_fail_flips': 1, 'passed': False} INFORMAL — agents resident, NOT VALID TIMING
img384 test_photos/PXL_20260405_213509269.MP.jpg {'overlap': 8, 'reference_count': 10, 'variant_count': 10, 'max_score_delta': 0.06897890567779541, 'pass_fail_flips': 1, 'passed': False} INFORMAL — agents resident, NOT VALID TIMING
img384 test_photos/PXL_20260405_213514191.MP.jpg {'overlap': 7, 'reference_count': 10, 'variant_count': 10, 'max_score_delta': 0.06614109873771667, 'pass_fail_flips': 0, 'passed': False} INFORMAL — agents resident, NOT VALID TIMING
img384 test_photos/PXL_20260405_213536608.jpg {'overlap': 1, 'reference_count': 2, 'variant_count': 2, 'max_score_delta': 0.023928046226501465, 'pass_fail_flips': 0, 'passed': False} INFORMAL — agents resident, NOT VALID TIMING
img384 test_photos/abdel_close_back.jpg {'overlap': 10, 'reference_count': 10, 'variant_count': 10, 'max_score_delta': 0.040409624576568604, 'pass_fail_flips': 1, 'passed': True} INFORMAL — agents resident, NOT VALID TIMING
img384 bench_photos/blocked_1.jpg {'overlap': 10, 'reference_count': 10, 'variant_count': 10, 'max_score_delta': 0.10298562049865723, 'pass_fail_flips': 0, 'passed': False} INFORMAL — agents resident, NOT VALID TIMING
img384 bench_photos/roomsig_couch_1.jpg {'overlap': 9, 'reference_count': 10, 'variant_count': 10, 'max_score_delta': 0.03813248872756958, 'pass_fail_flips': 1, 'passed': True} INFORMAL — agents resident, NOT VALID TIMING
img384 FAIL INFORMAL — agents resident, NOT VALID TIMING
img336 test_photos/PXL_20260405_213419918.MP.jpg {'overlap': 9, 'reference_count': 10, 'variant_count': 10, 'max_score_delta': 0.055845946073532104, 'pass_fail_flips': 0, 'passed': False} INFORMAL — agents resident, NOT VALID TIMING
img336 test_photos/PXL_20260405_213509269.MP.jpg {'overlap': 8, 'reference_count': 10, 'variant_count': 10, 'max_score_delta': 0.06102335453033447, 'pass_fail_flips': 1, 'passed': False} INFORMAL — agents resident, NOT VALID TIMING
img336 test_photos/PXL_20260405_213514191.MP.jpg {'overlap': 7, 'reference_count': 10, 'variant_count': 10, 'max_score_delta': 0.032528817653656006, 'pass_fail_flips': 0, 'passed': False} INFORMAL — agents resident, NOT VALID TIMING
img336 test_photos/PXL_20260405_213536608.jpg {'overlap': 1, 'reference_count': 2, 'variant_count': 2, 'max_score_delta': 0.07433128356933594, 'pass_fail_flips': 0, 'passed': False} INFORMAL — agents resident, NOT VALID TIMING
img336 test_photos/abdel_close_back.jpg {'overlap': 10, 'reference_count': 10, 'variant_count': 10, 'max_score_delta': 0.1006050705909729, 'pass_fail_flips': 0, 'passed': False} INFORMAL — agents resident, NOT VALID TIMING
img336 bench_photos/blocked_1.jpg {'overlap': 10, 'reference_count': 10, 'variant_count': 10, 'max_score_delta': 0.055094122886657715, 'pass_fail_flips': 0, 'passed': False} INFORMAL — agents resident, NOT VALID TIMING
img336 bench_photos/roomsig_couch_1.jpg {'overlap': 9, 'reference_count': 10, 'variant_count': 10, 'max_score_delta': 0.04658423364162445, 'pass_fail_flips': 1, 'passed': True} INFORMAL — agents resident, NOT VALID TIMING
img336 FAIL INFORMAL — agents resident, NOT VALID TIMING
