INFORMAL — agents resident, NOT VALID TIMING — dry-run; no charger/agent/idle/skin gates or sensor sampling
{
  "model": "relsgg-vits16",
  "label": "INFORMAL \u2014 agents resident, NOT VALID TIMING \u2014 DRY RUN",
  "photo": "/data/data/com.termux/files/home/robot/benchmark/relate_anything/desk2/speed_photo.jpg",
  "photo_sha256": "4da2d789dd9a60405658184de81e9f46b3c55e09024a6f2ce26a934d899d0fd8",
  "cadence_s": 5,
  "planned_s": 180,
  "intra_op_threads": 2,
  "cpus": [
    4,
    5
  ],
  "sampling": {
    "caps_cpu_battery_temp_s": 1,
    "battery_power_s": 1,
    "skin_android_status_s": 5,
    "battery_status_memory_s": 5
  },
  "power_source": {
    "current": "/sys/class/power_supply/battery/current_now",
    "voltage": "/sys/class/power_supply/battery/voltage_now",
    "kind": "current_now sysfs reading; no runner averaging; driver filtering unspecified"
  },
  "load_ms": 1907.7926439931616,
  "ort_tids": [
    10746,
    10747
  ],
  "block_start_s": 0.0,
  "time_base": "time.monotonic; all sample times relative to block start",
  "duration_s": 6.191935590992216,
  "median_ort_ms": 1163.4787400253117,
  "p95_ort_ms": 1168.4285015333444,
  "VmHWM_KiB": 425960,
  "min_MemAvailable_MiB": null,
  "power_summary": {
    "mean_battery_w": null,
    "mean_inside_calls_w": null,
    "mean_outside_calls_w": null,
    "samples": 0,
    "inside_samples": 0,
    "outside_samples": 0,
    "classification": "sample receipt t in [started_s, ended_s); block 0 <= t <= duration",
    "read_overlaps_call_boundary": 0
  }
}
Evidence: /termux-home/robot/benchmark/relate_anything/checks_fix1/dry_m2.json
