[oneshot] thermal: 2026-09-26T04:51:47Z z9=35000 z10=34000 z11=35000
[oneshot] idling 5 minutes; keep the screen on and Termux in front
[oneshot] thermal after idle: 2026-09-26T04:56:47Z z9=31000 z10=30000 z11=30000
thermal idle reading (gate z9 <= idle + 2 degC): z9 31.0 z10 30.0 z11 30.0 degC at 2026-09-26T04:56:47Z
[s1o_b1609] main block: cold load, 60 cases x 2 orders at 4 threads
  [s1o_b1609 main] thermal start: z9 31.0 z10 30.0 z11 30.0 degC at 2026-09-26T04:56:47Z (waited 0 s)
  [s1o_b1609 main] thermal end:   z9 59.0 z10 60.0 z11 60.0 degC at 2026-09-26T05:11:44Z
[s1o_b1609] t3: cached load, 60 cases written order
  [s1o_b1609 t3] waiting: z9 59.0 degC, need <= 33.0 (idle 31.0 + 2), 0 s
  [s1o_b1609 t3] waiting: z9 46.0 degC, need <= 33.0 (idle 31.0 + 2), 10 s
  [s1o_b1609 t3] waiting: z9 43.0 degC, need <= 33.0 (idle 31.0 + 2), 20 s
  [s1o_b1609 t3] waiting: z9 41.0 degC, need <= 33.0 (idle 31.0 + 2), 30 s
  [s1o_b1609 t3] waiting: z9 42.0 degC, need <= 33.0 (idle 31.0 + 2), 40 s
  [s1o_b1609 t3] waiting: z9 40.0 degC, need <= 33.0 (idle 31.0 + 2), 50 s
  [s1o_b1609 t3] waiting: z9 39.0 degC, need <= 33.0 (idle 31.0 + 2), 60 s
  [s1o_b1609 t3] waiting: z9 38.0 degC, need <= 33.0 (idle 31.0 + 2), 70 s
  [s1o_b1609 t3] waiting: z9 40.0 degC, need <= 33.0 (idle 31.0 + 2), 80 s
  [s1o_b1609 t3] waiting: z9 39.0 degC, need <= 33.0 (idle 31.0 + 2), 90 s
  [s1o_b1609 t3] waiting: z9 37.0 degC, need <= 33.0 (idle 31.0 + 2), 100 s
  [s1o_b1609 t3] waiting: z9 37.0 degC, need <= 33.0 (idle 31.0 + 2), 110 s
  [s1o_b1609 t3] waiting: z9 37.0 degC, need <= 33.0 (idle 31.0 + 2), 120 s
  [s1o_b1609 t3] waiting: z9 36.0 degC, need <= 33.0 (idle 31.0 + 2), 130 s
  [s1o_b1609 t3] waiting: z9 36.0 degC, need <= 33.0 (idle 31.0 + 2), 140 s
  [s1o_b1609 t3] waiting: z9 36.0 degC, need <= 33.0 (idle 31.0 + 2), 150 s
  [s1o_b1609 t3] waiting: z9 36.0 degC, need <= 33.0 (idle 31.0 + 2), 160 s
  [s1o_b1609 t3] waiting: z9 37.0 degC, need <= 33.0 (idle 31.0 + 2), 170 s
  [s1o_b1609 t3] waiting: z9 37.0 degC, need <= 33.0 (idle 31.0 + 2), 180 s
  [s1o_b1609 t3] waiting: z9 36.0 degC, need <= 33.0 (idle 31.0 + 2), 190 s
  [s1o_b1609 t3] waiting: z9 35.0 degC, need <= 33.0 (idle 31.0 + 2), 200 s
  [s1o_b1609 t3] waiting: z9 37.0 degC, need <= 33.0 (idle 31.0 + 2), 210 s
  [s1o_b1609 t3] waiting: z9 35.0 degC, need <= 33.0 (idle 31.0 + 2), 220 s
  [s1o_b1609 t3] waiting: z9 36.0 degC, need <= 33.0 (idle 31.0 + 2), 230 s
  [s1o_b1609 t3] waiting: z9 35.0 degC, need <= 33.0 (idle 31.0 + 2), 240 s
  [s1o_b1609 t3] waiting: z9 35.0 degC, need <= 33.0 (idle 31.0 + 2), 251 s
  [s1o_b1609 t3] waiting: z9 36.0 degC, need <= 33.0 (idle 31.0 + 2), 261 s
  [s1o_b1609 t3] waiting: z9 35.0 degC, need <= 33.0 (idle 31.0 + 2), 271 s
  [s1o_b1609 t3] waiting: z9 35.0 degC, need <= 33.0 (idle 31.0 + 2), 281 s
  [s1o_b1609 t3] waiting: z9 34.0 degC, need <= 33.0 (idle 31.0 + 2), 291 s
  [s1o_b1609 t3] waiting: z9 35.0 degC, need <= 33.0 (idle 31.0 + 2), 301 s
  [s1o_b1609 t3] waiting: z9 34.0 degC, need <= 33.0 (idle 31.0 + 2), 311 s
  [s1o_b1609 t3] waiting: z9 34.0 degC, need <= 33.0 (idle 31.0 + 2), 321 s
  [s1o_b1609 t3] waiting: z9 34.0 degC, need <= 33.0 (idle 31.0 + 2), 331 s
  [s1o_b1609 t3] waiting: z9 35.0 degC, need <= 33.0 (idle 31.0 + 2), 341 s
  [s1o_b1609 t3] waiting: z9 34.0 degC, need <= 33.0 (idle 31.0 + 2), 351 s
  [s1o_b1609 t3] waiting: z9 34.0 degC, need <= 33.0 (idle 31.0 + 2), 361 s
  [s1o_b1609 t3] waiting: z9 34.0 degC, need <= 33.0 (idle 31.0 + 2), 371 s
  [s1o_b1609 t3] waiting: z9 34.0 degC, need <= 33.0 (idle 31.0 + 2), 381 s
  [s1o_b1609 t3] waiting: z9 36.0 degC, need <= 33.0 (idle 31.0 + 2), 391 s
  [s1o_b1609 t3] waiting: z9 34.0 degC, need <= 33.0 (idle 31.0 + 2), 401 s
  [s1o_b1609 t3] waiting: z9 34.0 degC, need <= 33.0 (idle 31.0 + 2), 411 s
  [s1o_b1609 t3] waiting: z9 35.0 degC, need <= 33.0 (idle 31.0 + 2), 421 s
  [s1o_b1609 t3] thermal start: z9 33.0 z10 34.0 z11 34.0 degC at 2026-09-26T05:18:55Z (waited 431 s)
  [s1o_b1609 t3] thermal end:   z9 69.0 z10 67.0 z11 67.0 degC at 2026-09-26T05:27:49Z
[s1o_b1609] t4: cached load, 60 cases written order
  [s1o_b1609 t4] waiting: z9 69.0 degC, need <= 33.0 (idle 31.0 + 2), 0 s
  [s1o_b1609 t4] waiting: z9 47.0 degC, need <= 33.0 (idle 31.0 + 2), 10 s
  [s1o_b1609 t4] waiting: z9 43.0 degC, need <= 33.0 (idle 31.0 + 2), 20 s
  [s1o_b1609 t4] waiting: z9 41.0 degC, need <= 33.0 (idle 31.0 + 2), 30 s
  [s1o_b1609 t4] waiting: z9 41.0 degC, need <= 33.0 (idle 31.0 + 2), 40 s
  [s1o_b1609 t4] waiting: z9 40.0 degC, need <= 33.0 (idle 31.0 + 2), 50 s
  [s1o_b1609 t4] waiting: z9 38.0 degC, need <= 33.0 (idle 31.0 + 2), 60 s
  [s1o_b1609 t4] waiting: z9 38.0 degC, need <= 33.0 (idle 31.0 + 2), 70 s
  [s1o_b1609 t4] waiting: z9 38.0 degC, need <= 33.0 (idle 31.0 + 2), 80 s
  [s1o_b1609 t4] waiting: z9 39.0 degC, need <= 33.0 (idle 31.0 + 2), 90 s
  [s1o_b1609 t4] waiting: z9 37.0 degC, need <= 33.0 (idle 31.0 + 2), 100 s
  [s1o_b1609 t4] waiting: z9 39.0 degC, need <= 33.0 (idle 31.0 + 2), 110 s
  [s1o_b1609 t4] waiting: z9 37.0 degC, need <= 33.0 (idle 31.0 + 2), 120 s
  [s1o_b1609 t4] waiting: z9 36.0 degC, need <= 33.0 (idle 31.0 + 2), 130 s
  [s1o_b1609 t4] waiting: z9 36.0 degC, need <= 33.0 (idle 31.0 + 2), 140 s
  [s1o_b1609 t4] waiting: z9 36.0 degC, need <= 33.0 (idle 31.0 + 2), 150 s
  [s1o_b1609 t4] waiting: z9 38.0 degC, need <= 33.0 (idle 31.0 + 2), 160 s
  [s1o_b1609 t4] waiting: z9 36.0 degC, need <= 33.0 (idle 31.0 + 2), 170 s
  [s1o_b1609 t4] waiting: z9 36.0 degC, need <= 33.0 (idle 31.0 + 2), 180 s
  [s1o_b1609 t4] waiting: z9 36.0 degC, need <= 33.0 (idle 31.0 + 2), 190 s
  [s1o_b1609 t4] waiting: z9 35.0 degC, need <= 33.0 (idle 31.0 + 2), 200 s
  [s1o_b1609 t4] waiting: z9 35.0 degC, need <= 33.0 (idle 31.0 + 2), 210 s
  [s1o_b1609 t4] waiting: z9 36.0 degC, need <= 33.0 (idle 31.0 + 2), 220 s
  [s1o_b1609 t4] waiting: z9 35.0 degC, need <= 33.0 (idle 31.0 + 2), 230 s
  [s1o_b1609 t4] waiting: z9 35.0 degC, need <= 33.0 (idle 31.0 + 2), 241 s
  [s1o_b1609 t4] waiting: z9 35.0 degC, need <= 33.0 (idle 31.0 + 2), 251 s
  [s1o_b1609 t4] waiting: z9 35.0 degC, need <= 33.0 (idle 31.0 + 2), 261 s
  [s1o_b1609 t4] waiting: z9 35.0 degC, need <= 33.0 (idle 31.0 + 2), 271 s
  [s1o_b1609 t4] waiting: z9 35.0 degC, need <= 33.0 (idle 31.0 + 2), 281 s
  [s1o_b1609 t4] waiting: z9 34.0 degC, need <= 33.0 (idle 31.0 + 2), 291 s
  [s1o_b1609 t4] waiting: z9 34.0 degC, need <= 33.0 (idle 31.0 + 2), 301 s
  [s1o_b1609 t4] waiting: z9 34.0 degC, need <= 33.0 (idle 31.0 + 2), 311 s
  [s1o_b1609 t4] waiting: z9 35.0 degC, need <= 33.0 (idle 31.0 + 2), 321 s
  [s1o_b1609 t4] waiting: z9 34.0 degC, need <= 33.0 (idle 31.0 + 2), 331 s
  [s1o_b1609 t4] waiting: z9 34.0 degC, need <= 33.0 (idle 31.0 + 2), 341 s
  [s1o_b1609 t4] waiting: z9 34.0 degC, need <= 33.0 (idle 31.0 + 2), 351 s
  [s1o_b1609 t4] waiting: z9 34.0 degC, need <= 33.0 (idle 31.0 + 2), 361 s
  [s1o_b1609 t4] thermal start: z9 33.0 z10 34.0 z11 34.0 degC at 2026-09-26T05:33:58Z (waited 371 s)
  [s1o_b1609 t4] thermal end:   z9 66.0 z10 66.0 z11 66.0 degC at 2026-09-26T05:41:34Z
[s1o_b2351] main block: cold load, 60 cases x 2 orders at 4 threads
  [s1o_b2351 main] waiting: z9 66.0 degC, need <= 33.0 (idle 31.0 + 2), 0 s
  [s1o_b2351 main] waiting: z9 47.0 degC, need <= 33.0 (idle 31.0 + 2), 10 s
  [s1o_b2351 main] waiting: z9 44.0 degC, need <= 33.0 (idle 31.0 + 2), 20 s
  [s1o_b2351 main] waiting: z9 43.0 degC, need <= 33.0 (idle 31.0 + 2), 30 s
  [s1o_b2351 main] waiting: z9 40.0 degC, need <= 33.0 (idle 31.0 + 2), 40 s
  [s1o_b2351 main] waiting: z9 39.0 degC, need <= 33.0 (idle 31.0 + 2), 50 s
  [s1o_b2351 main] waiting: z9 39.0 degC, need <= 33.0 (idle 31.0 + 2), 60 s
  [s1o_b2351 main] waiting: z9 40.0 degC, need <= 33.0 (idle 31.0 + 2), 70 s
  [s1o_b2351 main] waiting: z9 40.0 degC, need <= 33.0 (idle 31.0 + 2), 80 s
  [s1o_b2351 main] waiting: z9 37.0 degC, need <= 33.0 (idle 31.0 + 2), 90 s
  [s1o_b2351 main] waiting: z9 37.0 degC, need <= 33.0 (idle 31.0 + 2), 100 s
  [s1o_b2351 main] waiting: z9 37.0 degC, need <= 33.0 (idle 31.0 + 2), 110 s
  [s1o_b2351 main] waiting: z9 38.0 degC, need <= 33.0 (idle 31.0 + 2), 120 s
  [s1o_b2351 main] waiting: z9 36.0 degC, need <= 33.0 (idle 31.0 + 2), 130 s
  [s1o_b2351 main] waiting: z9 37.0 degC, need <= 33.0 (idle 31.0 + 2), 140 s
  [s1o_b2351 main] waiting: z9 38.0 degC, need <= 33.0 (idle 31.0 + 2), 150 s
  [s1o_b2351 main] waiting: z9 37.0 degC, need <= 33.0 (idle 31.0 + 2), 160 s
  [s1o_b2351 main] waiting: z9 36.0 degC, need <= 33.0 (idle 31.0 + 2), 170 s
  [s1o_b2351 main] waiting: z9 36.0 degC, need <= 33.0 (idle 31.0 + 2), 180 s
  [s1o_b2351 main] waiting: z9 37.0 degC, need <= 33.0 (idle 31.0 + 2), 190 s
  [s1o_b2351 main] waiting: z9 35.0 degC, need <= 33.0 (idle 31.0 + 2), 200 s
  [s1o_b2351 main] waiting: z9 36.0 degC, need <= 33.0 (idle 31.0 + 2), 210 s
  [s1o_b2351 main] waiting: z9 35.0 degC, need <= 33.0 (idle 31.0 + 2), 221 s
  [s1o_b2351 main] waiting: z9 35.0 degC, need <= 33.0 (idle 31.0 + 2), 231 s
  [s1o_b2351 main] waiting: z9 35.0 degC, need <= 33.0 (idle 31.0 + 2), 241 s
  [s1o_b2351 main] waiting: z9 35.0 degC, need <= 33.0 (idle 31.0 + 2), 251 s
  [s1o_b2351 main] waiting: z9 35.0 degC, need <= 33.0 (idle 31.0 + 2), 261 s
  [s1o_b2351 main] waiting: z9 35.0 degC, need <= 33.0 (idle 31.0 + 2), 271 s
  [s1o_b2351 main] waiting: z9 34.0 degC, need <= 33.0 (idle 31.0 + 2), 281 s
  [s1o_b2351 main] waiting: z9 34.0 degC, need <= 33.0 (idle 31.0 + 2), 291 s
  [s1o_b2351 main] waiting: z9 34.0 degC, need <= 33.0 (idle 31.0 + 2), 301 s
  [s1o_b2351 main] waiting: z9 35.0 degC, need <= 33.0 (idle 31.0 + 2), 311 s
  [s1o_b2351 main] thermal start: z9 33.0 z10 34.0 z11 34.0 degC at 2026-09-26T05:46:55Z (waited 321 s)
  [s1o_b2351 main] thermal end:   z9 70.0 z10 70.0 z11 69.0 degC at 2026-09-26T05:51:37Z
[s1o_b2351] t3: cached load, 60 cases written order
  [s1o_b2351 t3] waiting: z9 70.0 degC, need <= 33.0 (idle 31.0 + 2), 0 s
  [s1o_b2351 t3] waiting: z9 47.0 degC, need <= 33.0 (idle 31.0 + 2), 10 s
  [s1o_b2351 t3] waiting: z9 43.0 degC, need <= 33.0 (idle 31.0 + 2), 20 s
  [s1o_b2351 t3] waiting: z9 41.0 degC, need <= 33.0 (idle 31.0 + 2), 30 s
  [s1o_b2351 t3] waiting: z9 40.0 degC, need <= 33.0 (idle 31.0 + 2), 40 s
  [s1o_b2351 t3] waiting: z9 39.0 degC, need <= 33.0 (idle 31.0 + 2), 50 s
  [s1o_b2351 t3] waiting: z9 38.0 degC, need <= 33.0 (idle 31.0 + 2), 60 s
  [s1o_b2351 t3] waiting: z9 40.0 degC, need <= 33.0 (idle 31.0 + 2), 70 s
  [s1o_b2351 t3] waiting: z9 37.0 degC, need <= 33.0 (idle 31.0 + 2), 80 s
  [s1o_b2351 t3] waiting: z9 37.0 degC, need <= 33.0 (idle 31.0 + 2), 90 s
  [s1o_b2351 t3] waiting: z9 36.0 degC, need <= 33.0 (idle 31.0 + 2), 100 s
  [s1o_b2351 t3] waiting: z9 36.0 degC, need <= 33.0 (idle 31.0 + 2), 110 s
  [s1o_b2351 t3] waiting: z9 37.0 degC, need <= 33.0 (idle 31.0 + 2), 120 s
  [s1o_b2351 t3] waiting: z9 35.0 degC, need <= 33.0 (idle 31.0 + 2), 130 s
  [s1o_b2351 t3] waiting: z9 35.0 degC, need <= 33.0 (idle 31.0 + 2), 140 s
  [s1o_b2351 t3] waiting: z9 35.0 degC, need <= 33.0 (idle 31.0 + 2), 150 s
  [s1o_b2351 t3] waiting: z9 35.0 degC, need <= 33.0 (idle 31.0 + 2), 160 s
  [s1o_b2351 t3] waiting: z9 34.0 degC, need <= 33.0 (idle 31.0 + 2), 170 s
  [s1o_b2351 t3] waiting: z9 34.0 degC, need <= 33.0 (idle 31.0 + 2), 181 s
  [s1o_b2351 t3] waiting: z9 35.0 degC, need <= 33.0 (idle 31.0 + 2), 191 s
  [s1o_b2351 t3] waiting: z9 35.0 degC, need <= 33.0 (idle 31.0 + 2), 201 s
  [s1o_b2351 t3] waiting: z9 36.0 degC, need <= 33.0 (idle 31.0 + 2), 211 s
  [s1o_b2351 t3] waiting: z9 35.0 degC, need <= 33.0 (idle 31.0 + 2), 221 s
  [s1o_b2351 t3] waiting: z9 35.0 degC, need <= 33.0 (idle 31.0 + 2), 231 s
  [s1o_b2351 t3] waiting: z9 36.0 degC, need <= 33.0 (idle 31.0 + 2), 241 s
  [s1o_b2351 t3] waiting: z9 37.0 degC, need <= 33.0 (idle 31.0 + 2), 251 s
  [s1o_b2351 t3] waiting: z9 34.0 degC, need <= 33.0 (idle 31.0 + 2), 261 s
  [s1o_b2351 t3] waiting: z9 34.0 degC, need <= 33.0 (idle 31.0 + 2), 271 s
  [s1o_b2351 t3] waiting: z9 35.0 degC, need <= 33.0 (idle 31.0 + 2), 281 s
  [s1o_b2351 t3] thermal start: z9 33.0 z10 34.0 z11 34.0 degC at 2026-09-26T05:56:28Z (waited 291 s)
  [s1o_b2351 t3] thermal end:   z9 46.0 z10 53.0 z11 53.0 degC at 2026-09-26T06:10:19Z
cores 4-7 not all allowed after t3 (allowed [0, 1, 2, 3, 4, 5]); bring Termux to the foreground (top-app cpuset) and retry
[oneshot] thermal logger stopped
