Plan: 0.3 s idle (0.1 s camera OFF + 0.1 s camera OFF + 0.1 s camera ON without inference), WARM-UP L0 1 s, 0.1 s pause + L0 6 s,0.1 s pause + L1 6 s,0.1 s pause + L2 6 s,0.1 s pause + L3 6 s,0.1 s pause + L4 6 s,0.1 s pause + L0 6 s ; motors OFF.
Estimate 0.6 min scheduled; full default about 95–100 min including setup/loads/cleanup, plus up to 0 min of D2 cooling.
[    0.0 s] START IDLE | read re-reads 0, thermal retries 0
[    0.1 s] END IDLE ok, 0.1 s, read re-reads 0 | read re-reads 0, thermal retries 0
[    0.1 s] START IDLE CAMERA OFF | read re-reads 0, thermal retries 0
[    0.2 s] END IDLE CAMERA OFF ok, 0.1 s, read re-reads 0 | read re-reads 0, thermal retries 0
[    0.2 s] START IDLE CAMERA ON — NO INFERENCE | read re-reads 0, thermal retries 0
[    0.3 s] END IDLE CAMERA ON — NO INFERENCE ok, 0.1 s, read re-reads 0 | read re-reads 0, thermal retries 0
[    0.3 s] START WARM-UP L0 | read re-reads 0, thermal retries 0
[    1.4 s] END WARM-UP L0 NOT VALID — DRY RUN (all hardware mocked); camera late 0, camera slots skipped 0, M2 live 0 / fallback 0, max_live_boxes 2, read re-reads 0 | read re-reads 0, thermal retries 0
[    1.4 s] START FIXED PAUSE | read re-reads 0, thermal retries 0
[    1.5 s] END FIXED PAUSE ok, 0.1 s, read re-reads 0 | read re-reads 0, thermal retries 0
[    1.5 s] START block 01 L0 | read re-reads 0, thermal retries 0
[    7.5 s] END block 01 L0 NOT VALID — DRY RUN (all hardware mocked); camera late 0, camera slots skipped 0, M2 live 0 / fallback 0, max_live_boxes 2, read re-reads 0 | read re-reads 0, thermal retries 0
[    7.5 s] START FIXED PAUSE | read re-reads 0, thermal retries 0
[    7.6 s] END FIXED PAUSE ok, 0.1 s, read re-reads 0 | read re-reads 0, thermal retries 0
[    7.7 s] START block 02 L1 | read re-reads 0, thermal retries 0
[   13.7 s] END block 02 L1 NOT VALID — DRY RUN (all hardware mocked); camera late 0, camera slots skipped 0, M2 live 1 / fallback 0, max_live_boxes 2, read re-reads 0 | read re-reads 0, thermal retries 0
[   13.7 s] START FIXED PAUSE | read re-reads 0, thermal retries 0
[   13.8 s] END FIXED PAUSE ok, 0.1 s, read re-reads 0 | read re-reads 0, thermal retries 0
[   13.8 s] START block 03 L2 | read re-reads 0, thermal retries 0
[   19.9 s] END block 03 L2 NOT VALID — DRY RUN (all hardware mocked); camera late 0, camera slots skipped 0, M2 live 1 / fallback 0, max_live_boxes 2, read re-reads 0 | read re-reads 0, thermal retries 0
[   19.9 s] START FIXED PAUSE | read re-reads 0, thermal retries 0
[   20.0 s] END FIXED PAUSE ok, 0.1 s, read re-reads 0 | read re-reads 0, thermal retries 0
[   20.0 s] START block 04 L3 | read re-reads 0, thermal retries 0
[   26.2 s] END block 04 L3 NOT VALID — DRY RUN (all hardware mocked); camera late 0, camera slots skipped 0, M2 live 2 / fallback 0, max_live_boxes 2, read re-reads 0 | read re-reads 0, thermal retries 0
[   26.2 s] START FIXED PAUSE | read re-reads 0, thermal retries 0
[   26.4 s] END FIXED PAUSE ok, 0.1 s, read re-reads 0 | read re-reads 0, thermal retries 0
[   26.4 s] START block 05 L4 | read re-reads 0, thermal retries 0
[   32.4 s] END block 05 L4 NOT VALID — DRY RUN (all hardware mocked); camera late 0, camera slots skipped 0, M2 live 2 / fallback 0, max_live_boxes 2, read re-reads 0 | read re-reads 0, thermal retries 0
[   32.4 s] START FIXED PAUSE | read re-reads 0, thermal retries 0
[   32.5 s] END FIXED PAUSE ok, 0.1 s, read re-reads 0 | read re-reads 0, thermal retries 0
[   32.5 s] START block 06 L0 | read re-reads 0, thermal retries 0
[   38.5 s] END block 06 L0 NOT VALID — DRY RUN (all hardware mocked); camera late 0, camera slots skipped 0, M2 live 0 / fallback 0, max_live_boxes 2, read re-reads 0 | read re-reads 0, thermal retries 0
Coverage: {"setup_complete": false, "idle_phases_done": 3, "warmup_done": true, "pauses_done": 6, "blocks": [{"block": "L0", "m2_live_calls": 0, "m2_fallback_calls": 0, "selector_calls": 1, "selector_fallback_contexts": 0, "max_live_boxes": 2, "read_retries": 0}, {"block": "L1", "m2_live_calls": 1, "m2_fallback_calls": 0, "selector_calls": 1, "selector_fallback_contexts": 0, "max_live_boxes": 2, "read_retries": 0}, {"block": "L2", "m2_live_calls": 1, "m2_fallback_calls": 0, "selector_calls": 1, "selector_fallback_contexts": 0, "max_live_boxes": 2, "read_retries": 0}, {"block": "L3", "m2_live_calls": 2, "m2_fallback_calls": 0, "selector_calls": 1, "selector_fallback_contexts": 0, "max_live_boxes": 2, "read_retries": 0}, {"block": "L4", "m2_live_calls": 2, "m2_fallback_calls": 0, "selector_calls": 1, "selector_fallback_contexts": 0, "max_live_boxes": 2, "read_retries": 0}, {"block": "L0", "m2_live_calls": 0, "m2_fallback_calls": 0, "selector_calls": 1, "selector_fallback_contexts": 0, "max_live_boxes": 2, "read_retries": 0}], "read_retries": 0, "read_retry_over_cap": [], "errors": [], "rehearsal_pass": false}
NOT VALID — DRY RUN (all hardware mocked) Evidence: /termux-home/robot/benchmark/campaign/checks/p1_fix4d/coder_dry_mock_p1_fix4d.json
